05-24 21:13:50.204 25658 25854 E IMGSRV  : :53: GetCmdlineFileContents: Failed to open /proc/987/cmdline (No such file or directory)
05-24 21:13:50.208 25658 25854 E IMGSRV  : :53: GetCmdlineFileContents: Failed to open /proc/987/cmdline (No such file or directory)
05-24 21:13:50.208 25658 25854 E IMGSRV  : :53: GetCmdlineFileContents: Failed to open /proc/987/cmdline (No such file or directory)
05-24 21:13:50.210 25658 25854 E IMGSRV  : :53: GetCmdlineFileContents: Failed to open /proc/987/cmdline (No such file or directory)
05-24 21:13:50.210 25658 25854 E IMGSRV  : :53: GetCmdlineFileContents: Failed to open /proc/987/cmdline (No such file or directory)
05-24 21:13:50.289 25658 25854 E IMGSRV  : :53: GetCmdlineFileContents: Failed to open /proc/987/cmdline (No such file or directory)
05-24 21:13:50.290 25658 25854 E IMGSRV  : :53: GetCmdlineFileContents: Failed to open /proc/987/cmdline (No such file or directory)
05-24 21:13:50.294 25658 25854 E IMGSRV  : :53: GetCmdlineFileContents: Failed to open /proc/987/cmdline (No such file or directory)
05-24 21:13:50.294 25658 25854 E IMGSRV  : :53: GetCmdlineFileContents: Failed to open /proc/987/cmdline (No such file or directory)
05-24 21:13:50.296 25658 25854 E IMGSRV  : :53: GetCmdlineFileContents: Failed to open /proc/987/cmdline (No such file or directory)
05-24 21:13:50.296 25658 25854 E IMGSRV  : :53: GetCmdlineFileContents: Failed to open /proc/987/cmdline (No such file or directory)
05-24 21:13:50.298 25658 25854 E IMGSRV  : :53: GetCmdlineFileContents: Failed to open /proc/987/cmdline (No such file or directory)
05-24 21:13:50.299 25658 25854 E IMGSRV  : :53: GetCmdlineFileContents: Failed to open /proc/987/cmdline (No such file or directory)
05-24 21:13:50.305 25658 25854 E IMGSRV  : :53: GetCmdlineFileContents: Failed to open /proc/987/cmdline (No such file or directory)
05-24 21:13:50.305 25658 25854 E IMGSRV  : :53: GetCmdlineFileContents: Failed to open /proc/987/cmdline (No such file or directory)
05-24 21:13:50.307 25658 25854 E IMGSRV  : :53: GetCmdlineFileContents: Failed to open /proc/987/cmdline (No such file or directory)
05-24 21:13:50.307 25658 25854 E IMGSRV  : :53: GetCmdlineFileContents: Failed to open /proc/987/cmdline (No such file or directory)
05-24 21:13:50.309 25658 25854 E IMGSRV  : :53: GetCmdlineFileContents: Failed to open /proc/987/cmdline (No such file or directory)
05-24 21:13:50.309 25658 25854 E IMGSRV  : :53: GetCmdlineFileContents: Failed to open /proc/987/cmdline (No such file or directory)
05-24 21:13:50.332 25658 25715 W CameraMetadataJV: Expect face scores and rectangles to be non-null
05-24 21:13:50.334 25658 25715 W CAM_A   : PHOTO > abs Δ(result sensor timestamp) = 167.17 ms > 70.00 ms
05-24 21:13:50.336 25658 25715 W CAM_A   : PHOTO > rel Δ(result sensor timestamp) = 3.00 > 0.25
05-24 21:13:50.337 25658 25715 W CAM_A   : PHOTO > result sensor delay = 4.01 > 1.10
05-24 21:13:50.369 25658 25715 W CameraMetadataJV: Expect face scores and rectangles to be non-null
05-24 21:13:50.371 25658 25715 W CAM_A   : PHOTO > rel Δ(result sensor timestamp) = 0.75 > 0.25
05-24 21:13:50.381 25658 25854 E IMGSRV  : :53: GetCmdlineFileContents: Failed to open /proc/987/cmdline (No such file or directory)
05-24 21:13:50.391 25658 25854 E IMGSRV  : :53: GetCmdlineFileContents: Failed to open /proc/987/cmdline (No such file or directory)
05-24 21:13:50.395 25658 25854 E IMGSRV  : :53: GetCmdlineFileContents: Failed to open /proc/987/cmdline (No such file or directory)
05-24 21:13:50.395 25658 25854 E IMGSRV  : :53: GetCmdlineFileContents: Failed to open /proc/987/cmdline (No such file or directory)
05-24 21:13:50.397 25658 25854 E IMGSRV  : :53: GetCmdlineFileContents: Failed to open /proc/987/cmdline (No such file or directory)
05-24 21:13:50.399 25658 25854 E IMGSRV  : :53: GetCmdlineFileContents: Failed to open /proc/987/cmdline (No such file or directory)
05-24 21:13:50.401 25658 25854 E IMGSRV  : :53: GetCmdlineFileContents: Failed to open /proc/987/cmdline (No such file or directory)
05-24 21:13:50.404 25658 25854 E IMGSRV  : :53: GetCmdlineFileContents: Failed to open /proc/987/cmdline (No such file or directory)
05-24 21:13:50.484 25658 25854 E IMGSRV  : :53: GetCmdlineFileContents: Failed to open /proc/987/cmdline (No such file or directory)
05-24 21:13:50.484 25658 25854 E IMGSRV  : :53: GetCmdlineFileContents: Failed to open /proc/987/cmdline (No such file or directory)
05-24 21:13:50.493 25658 25854 E IMGSRV  : :53: GetCmdlineFileContents: Failed to open /proc/987/cmdline (No such file or directory)
05-24 21:13:50.494 25658 25854 E IMGSRV  : :53: GetCmdlineFileContents: Failed to open /proc/987/cmdline (No such file or directory)
05-24 21:13:50.537 25658 25715 W CameraMetadataJV: Expect face scores and rectangles to be non-null
05-24 21:13:50.539 25658 25715 W CAM_A   : PHOTO > abs Δ(result sensor timestamp) = 167.17 ms > 70.00 ms
05-24 21:13:50.543 25658 25854 E IMGSRV  : :53: GetCmdlineFileContents: Failed to open /proc/987/cmdline (No such file or directory)
05-24 21:13:50.543 25658 25854 E IMGSRV  : :53: GetCmdlineFileContents: Failed to open /proc/987/cmdline (No such file or directory)
05-24 21:13:50.548 25658 25715 W CAM_A   : PHOTO > rel Δ(result sensor timestamp) = 3.00 > 0.25
05-24 21:13:50.548 25658 25715 W CAM_A   : PHOTO > result sensor delay = 4.01 > 1.10
05-24 21:13:50.559 25658 25854 E IMGSRV  : :53: GetCmdlineFileContents: Failed to open /proc/987/cmdline (No such file or directory)
05-24 21:13:50.560 25658 25854 E IMGSRV  : :53: GetCmdlineFileContents: Failed to open /proc/987/cmdline (No such file or directory)
05-24 21:13:50.569 25658 25854 E IMGSRV  : :53: GetCmdlineFileContents: Failed to open /proc/987/cmdline (No such file or directory)
05-24 21:13:50.569 25658 25854 E IMGSRV  : :53: GetCmdlineFileContents: Failed to open /proc/987/cmdline (No such file or directory)
05-24 21:13:50.574 25658 25854 E IMGSRV  : :53: GetCmdlineFileContents: Failed to open /proc/987/cmdline (No such file or directory)
05-24 21:13:50.576 25658 25854 E IMGSRV  : :53: GetCmdlineFileContents: Failed to open /proc/987/cmdline (No such file or directory)
05-24 21:13:50.585 25658 25854 E IMGSRV  : :53: GetCmdlineFileContents: Failed to open /proc/987/cmdline (No such file or directory)
05-24 21:13:50.586 25658 25854 E IMGSRV  : :53: GetCmdlineFileContents: Failed to open /proc/987/cmdline (No such file or directory)
05-24 21:13:50.587 25658 25854 E IMGSRV  : :53: GetCmdlineFileContents: Failed to open /proc/987/cmdline (No such file or directory)
05-24 21:13:50.588 25658 25854 E IMGSRV  : :53: GetCmdlineFileContents: Failed to open /proc/987/cmdline (No such file or directory)
05-24 21:13:50.596 25658 25854 E IMGSRV  : :53: GetCmdlineFileContents: Failed to open /proc/987/cmdline (No such file or directory)
05-24 21:13:50.596 25658 25854 E IMGSRV  : :53: GetCmdlineFileContents: Failed to open /proc/987/cmdline (No such file or directory)
05-24 21:13:50.640 25658 25715 W CameraMetadataJV: Expect face scores and rectangles to be non-null
05-24 21:13:50.642 25658 25715 W CAM_A   : PHOTO > abs Δ(result sensor timestamp) = 83.59 ms > 70.00 ms
05-24 21:13:50.643 25658 25715 W CAM_A   : PHOTO > rel Δ(result sensor timestamp) = 0.50 > 0.25
05-24 21:13:50.645 25658 25715 W CAM_A   : PHOTO > result sensor delay = 2.01 > 1.10
05-24 21:13:50.651 25658 25854 E IMGSRV  : :53: GetCmdlineFileContents: Failed to open /proc/987/cmdline (No such file or directory)
05-24 21:13:50.652 25658 25854 E IMGSRV  : :53: GetCmdlineFileContents: Failed to open /proc/987/cmdline (No such file or directory)
05-24 21:13:50.659 25658 25854 E IMGSRV  : :53: GetCmdlineFileContents: Failed to open /proc/987/cmdline (No such file or directory)
05-24 21:13:50.660 25658 25854 E IMGSRV  : :53: GetCmdlineFileContents: Failed to open /proc/987/cmdline (No such file or directory)
05-24 21:13:50.687 25658 25854 E IMGSRV  : :53: GetCmdlineFileContents: Failed to open /proc/987/cmdline (No such file or directory)
05-24 21:13:50.687 25658 25854 E IMGSRV  : :53: GetCmdlineFileContents: Failed to open /proc/987/cmdline (No such file or directory)
05-24 21:13:50.696 25658 25854 E IMGSRV  : :53: GetCmdlineFileContents: Failed to open /proc/987/cmdline (No such file or directory)
05-24 21:13:50.697 25658 25854 E IMGSRV  : :53: GetCmdlineFileContents: Failed to open /proc/987/cmdline (No such file or directory)
05-24 21:13:50.710 25658 25715 W CameraMetadataJV: Expect face scores and rectangles to be non-null
05-24 21:13:50.712 25658 25715 W CAM_A   : PHOTO > abs Δ(result sensor timestamp) = 125.38 ms > 70.00 ms
05-24 21:13:50.713 25658 25715 W CAM_A   : PHOTO > rel Δ(result sensor timestamp) = 0.50 > 0.25
05-24 21:13:50.713 25658 25715 W CAM_A   : PHOTO > result sensor delay = 3.01 > 1.10
05-24 21:13:50.719 25658 25854 E IMGSRV  : :53: GetCmdlineFileContents: Failed to open /proc/987/cmdline (No such file or directory)
05-24 21:13:50.719 25658 25854 E IMGSRV  : :53: GetCmdlineFileContents: Failed to open /proc/987/cmdline (No such file or directory)
05-24 21:13:50.729 25658 25854 E IMGSRV  : :53: GetCmdlineFileContents: Failed to open /proc/987/cmdline (No such file or directory)
05-24 21:13:50.729 25658 25854 E IMGSRV  : :53: GetCmdlineFileContents: Failed to open /proc/987/cmdline (No such file or directory)
05-24 21:13:50.746 25658 25854 E IMGSRV  : :53: GetCmdlineFileContents: Failed to open /proc/987/cmdline (No such file or directory)
05-24 21:13:50.746 25658 25854 E IMGSRV  : :53: GetCmdlineFileContents: Failed to open /proc/987/cmdline (No such file or directory)
05-24 21:13:50.751 25658 25854 E IMGSRV  : :53: GetCmdlineFileContents: Failed to open /proc/987/cmdline (No such file or directory)
05-24 21:13:50.752 25658 25854 E IMGSRV  : :53: GetCmdlineFileContents: Failed to open /proc/987/cmdline (No such file or directory)
05-24 21:13:50.757 25658 25854 E IMGSRV  : :53: GetCmdlineFileContents: Failed to open /proc/987/cmdline (No such file or directory)
05-24 21:13:50.758 25658 25854 E IMGSRV  : :53: GetCmdlineFileContents: Failed to open /proc/987/cmdline (No such file or directory)
05-24 21:13:50.758 25658 25854 E IMGSRV  : :53: GetCmdlineFileContents: Failed to open /proc/987/cmdline (No such file or directory)
05-24 21:13:50.758 25658 25854 E IMGSRV  : :53: GetCmdlineFileContents: Failed to open /proc/987/cmdline (No such file or directory)
05-24 21:13:50.829 25658 25854 E IMGSRV  : :53: GetCmdlineFileContents: Failed to open /proc/987/cmdline (No such file or directory)
05-24 21:13:50.829 25658 25854 E IMGSRV  : :53: GetCmdlineFileContents: Failed to open /proc/987/cmdline (No such file or directory)
05-24 21:13:50.834 25658 25854 E IMGSRV  : :53: GetCmdlineFileContents: Failed to open /proc/987/cmdline (No such file or directory)
05-24 21:13:50.834 25658 25854 E IMGSRV  : :53: GetCmdlineFileContents: Failed to open /proc/987/cmdline (No such file or directory)
05-24 21:13:50.874 25658 25854 E IMGSRV  : :53: GetCmdlineFileContents: Failed to open /proc/987/cmdline (No such file or directory)
05-24 21:13:50.874 25658 25854 E IMGSRV  : :53: GetCmdlineFileContents: Failed to open /proc/987/cmdline (No such file or directory)
05-24 21:13:50.881 25658 25854 E IMGSRV  : :53: GetCmdlineFileContents: Failed to open /proc/987/cmdline (No such file or directory)
05-24 21:13:50.881 25658 25854 E IMGSRV  : :53: GetCmdlineFileContents: Failed to open /proc/987/cmdline (No such file or directory)
05-24 21:13:50.882 25658 25854 E IMGSRV  : :53: GetCmdlineFileContents: Failed to open /proc/987/cmdline (No such file or directory)
05-24 21:13:50.882 25658 25854 E IMGSRV  : :53: GetCmdlineFileContents: Failed to open /proc/987/cmdline (No such file or directory)
05-24 21:13:50.883 25658 25854 E IMGSRV  : :53: GetCmdlineFileContents: Failed to open /proc/987/cmdline (No such file or directory)
05-24 21:13:50.883 25658 25854 E IMGSRV  : :53: GetCmdlineFileContents: Failed to open /proc/987/cmdline (No such file or directory)
05-24 21:13:50.912 25658 25715 W CameraMetadataJV: Expect face scores and rectangles to be non-null
05-24 21:13:50.915 25658 25715 W CAM_A   : PHOTO > abs Δ(result sensor timestamp) = 125.38 ms > 70.00 ms
05-24 21:13:50.916 25658 25715 W CAM_A   : PHOTO > result sensor delay = 3.01 > 1.10
05-24 21:13:50.968 25658 25715 W CameraMetadataJV: Expect face scores and rectangles to be non-null
05-24 21:13:50.969 25658 25715 W CAM_A   : PHOTO > rel Δ(result sensor timestamp) = 0.67 > 0.25
05-24 21:13:51.113 25658 25715 W CameraMetadataJV: Expect face scores and rectangles to be non-null
05-24 21:13:51.114 25658 25715 W CAM_A   : PHOTO > abs Δ(result sensor timestamp) = 208.97 ms > 70.00 ms
05-24 21:13:51.115 25658 25715 W CAM_A   : PHOTO > rel Δ(result sensor timestamp) = 4.00 > 0.25
05-24 21:13:51.116 25658 25715 W CAM_A   : PHOTO > result sensor delay = 5.01 > 1.10
05-24 21:13:51.183 25658 25715 W CameraMetadataJV: Expect face scores and rectangles to be non-null
05-24 21:13:51.185 25658 25715 W CAM_A   : PHOTO > abs Δ(result sensor timestamp) = 83.59 ms > 70.00 ms
05-24 21:13:51.187 25658 25715 W CAM_A   : PHOTO > rel Δ(result sensor timestamp) = 0.60 > 0.25
05-24 21:13:51.187 25658 25715 W CAM_A   : PHOTO > result sensor delay = 2.01 > 1.10
05-24 21:13:51.368 25658 25715 W CameraMetadataJV: Expect face scores and rectangles to be non-null
05-24 21:13:51.369 25658 25715 W CAM_A   : PHOTO > abs Δ(result sensor timestamp) = 125.38 ms > 70.00 ms
05-24 21:13:51.372 25658 25715 W CAM_A   : PHOTO > rel Δ(result sensor timestamp) = 0.50 > 0.25
05-24 21:13:51.373 25658 25715 W CAM_A   : PHOTO > result sensor delay = 3.01 > 1.10
05-24 21:13:51.491 25658 25715 W CameraMetadataJV: Expect face scores and rectangles to be non-null
05-24 21:13:51.493 25658 25715 W CAM_A   : PHOTO > rel Δ(result sensor timestamp) = 0.67 > 0.25
05-24 21:13:51.670 25658 25667 I GoogleCameraLM: Background concurrent copying GC freed 598790(26MB) AllocSpace objects, 31(828KB) LOS objects, 49% free, 10MB/20MB, paused 626us,111us total 374.247ms
05-24 21:13:51.698 25658 25715 W CameraMetadataJV: Expect face scores and rectangles to be non-null
05-24 21:13:51.700 25658 25715 W CAM_A   : PHOTO > abs Δ(result sensor timestamp) = 292.55 ms > 70.00 ms
05-24 21:13:51.701 25658 25715 W CAM_A   : PHOTO > rel Δ(result sensor timestamp) = 6.00 > 0.25
05-24 21:13:51.703 25658 25715 W CAM_A   : PHOTO > result sensor delay = 7.02 > 1.10
05-24 21:13:51.782 25658 25715 W CameraMetadataJV: Expect face scores and rectangles to be non-null
05-24 21:13:51.784 25658 25715 W CAM_A   : PHOTO > rel Δ(result sensor timestamp) = 0.86 > 0.25
05-24 21:13:51.855 25658 25715 W CameraMetadataJV: Expect face scores and rectangles to be non-null
05-24 21:13:51.856 25658 25715 W CAM_A   : PHOTO > abs Δ(result sensor timestamp) = 167.17 ms > 70.00 ms
05-24 21:13:51.856 25658 25715 W CAM_A   : PHOTO > rel Δ(result sensor timestamp) = 3.00 > 0.25
05-24 21:13:51.857 25658 25715 W CAM_A   : PHOTO > result sensor delay = 4.01 > 1.10
05-24 21:13:52.037 25658 25715 W CameraMetadataJV: Expect face scores and rectangles to be non-null
05-24 21:13:52.063 25658 25715 W CAM_A   : PHOTO > abs Δ(result sensor timestamp) = 125.38 ms > 70.00 ms
05-24 21:13:52.063 25658 25715 W CAM_A   : PHOTO > rel Δ(result sensor timestamp) = 0.25 > 0.25
05-24 21:13:52.070 25658 25715 W CAM_A   : PHOTO > result sensor delay = 3.01 > 1.10
05-24 21:13:52.125 25658 25715 W CameraMetadataJV: Expect face scores and rectangles to be non-null
05-24 21:13:52.128 25658 25715 W CAM_A   : PHOTO > abs Δ(result sensor timestamp) = 83.59 ms > 70.00 ms
05-24 21:13:52.131 25658 25715 W CAM_A   : PHOTO > rel Δ(result sensor timestamp) = 0.33 > 0.25
05-24 21:13:52.131 25658 25715 W CAM_A   : PHOTO > result sensor delay = 2.01 > 1.10
05-24 21:13:52.255 25658 25715 W CameraMetadataJV: Expect face scores and rectangles to be non-null
05-24 21:13:52.256 25658 25715 W CAM_A   : PHOTO > abs Δ(result sensor timestamp) = 167.17 ms > 70.00 ms
05-24 21:13:52.257 25658 25715 W CAM_A   : PHOTO > rel Δ(result sensor timestamp) = 1.00 > 0.25
05-24 21:13:52.257 25658 25715 W CAM_A   : PHOTO > result sensor delay = 4.01 > 1.10
05-24 21:13:52.331 25658 25715 W CameraMetadataJV: Expect face scores and rectangles to be non-null
05-24 21:13:52.333 25658 25715 W CAM_A   : PHOTO > abs Δ(result sensor timestamp) = 83.59 ms > 70.00 ms
05-24 21:13:52.333 25658 25715 W CAM_A   : PHOTO > rel Δ(result sensor timestamp) = 0.50 > 0.25
05-24 21:13:52.344 25658 25715 W CAM_A   : PHOTO > result sensor delay = 2.01 > 1.10
05-24 21:13:52.538 25658 25658 I Quality : Skipped: true 4 cost 67.72678 refreshRate 16666667 processName com.google.android.GoogleCameraLMC
05-24 21:13:52.538 25658 25658 E ActivityThread: asyncReportFrames skippedFrames= 4 true
05-24 21:13:52.549 25658 25715 W CameraMetadataJV: Expect face scores and rectangles to be non-null
05-24 21:13:52.556 25658 25715 W CAM_A   : PHOTO > abs Δ(result sensor timestamp) = 208.97 ms > 70.00 ms
05-24 21:13:52.564 25658 25715 W CAM_A   : PHOTO > rel Δ(result sensor timestamp) = 1.50 > 0.25
05-24 21:13:52.567 25658 25715 W CAM_A   : PHOTO > result sensor delay = 5.01 > 1.10
05-24 21:13:52.571 25658 25658 W MediaFsQModule: Returning Q MediaFs implementation
05-24 21:13:52.645 25658 25715 W CameraMetadataJV: Expect face scores and rectangles to be non-null
05-24 21:13:52.646 25658 25715 W CAM_A   : PHOTO > rel Δ(result sensor timestamp) = 0.80 > 0.25
05-24 21:13:52.655 25658 26415 D GoogleCameraLM: DLEAK reply value=20
05-24 21:13:52.655 25658 26415 D MediaCodecList: DLEAK matchIndex=20
05-24 21:13:52.655 25658 26415 D MediaCodecList: codecHandlesFormat: no format, so no extra checks
05-24 21:13:52.656 25658 26415 D MediaCodecList: DLEAK matching 'c2.android.vorbis.decoder'
05-24 21:13:52.657 25658 26415 D GoogleCameraLM: DLEAK reply value=30
05-24 21:13:52.657 25658 26415 D MediaCodecList: DLEAK matchIndex=30
05-24 21:13:52.657 25658 26415 D MediaCodecList: codecHandlesFormat: no format, so no extra checks
05-24 21:13:52.657 25658 26415 D MediaCodecList: DLEAK matching 'OMX.google.vorbis.decoder'
05-24 21:13:52.658 25658 26415 D GoogleCameraLM: DLEAK reply value=-2
05-24 21:13:52.658 25658 26415 D MediaCodecList: DLEAK matchIndex=18446744073709551614
05-24 21:13:52.660 25658 26415 E Parcel  : Reading a NULL string not supported here.
05-24 21:13:52.670 25658 26415 D OplusCCodec: OplusCCodec [131]: (0x7ee322e480)
05-24 21:13:52.673 25658 26415 W libc    : Access denied finding property "vendor.oplus.media.vpp.stutter"
05-24 21:13:52.674 25658 26415 V ListServiceUtils: checkInListByUid module:sr-osie-whitelist uid:10742 cost 576us return (null)
05-24 21:13:52.680 25658 26417 D CCodec  : allocate(c2.android.vorbis.decoder)
05-24 21:13:52.686 25658 25658 I Quality : Skipped: false 7 cost 132.61937 refreshRate 16666667 processName com.google.android.GoogleCameraLMC
05-24 21:13:52.686 25658 25658 E ActivityThread: asyncReportFrames skippedFrames= 7 true
05-24 21:13:52.691 25658 26422 W CAM_PckLongExposureCmd: Capture session not a LongExposureCaptureSession: hqu@cd24884
05-24 21:13:52.719 25658 26417 I CCodec  : setting up 'default' as default (vendor) store
05-24 21:13:52.723 25658 26417 I CCodec  : Created component [c2.android.vorbis.decoder]
05-24 21:13:52.723 25658 26417 D CCodecConfig: read media type: audio/vorbis
05-24 21:13:52.727 25658 26417 D ReflectedParamUpdater: extent() != 1 for single value type: algo.buffers.max-count.values
05-24 21:13:52.731 25658 26417 D ReflectedParamUpdater: extent() != 1 for single value type: output.subscribed-indices.values
05-24 21:13:52.732 25658 26417 D ReflectedParamUpdater: extent() != 1 for single value type: input.buffers.allocator-ids.values
05-24 21:13:52.732 25658 26417 D ReflectedParamUpdater: extent() != 1 for single value type: output.buffers.allocator-ids.values
05-24 21:13:52.733 25658 26417 D ReflectedParamUpdater: extent() != 1 for single value type: algo.buffers.allocator-ids.values
05-24 21:13:52.733 25658 26417 D ReflectedParamUpdater: extent() != 1 for single value type: output.buffers.pool-ids.values
05-24 21:13:52.734 25658 26417 D ReflectedParamUpdater: extent() != 1 for single value type: algo.buffers.pool-ids.values
05-24 21:13:52.736 25658 26417 I CCodecConfig: query failed after returning 7 values (BAD_INDEX)
05-24 21:13:52.736 25658 26417 D CCodecConfig: c2 config diff is Dict {
05-24 21:13:52.736 25658 26417 D CCodecConfig:   c2::u32 coded.bitrate.value = 64000
05-24 21:13:52.736 25658 26417 D CCodecConfig:   c2::u32 input.buffers.max-size.value = 32768
05-24 21:13:52.736 25658 26417 D CCodecConfig:   c2::u32 input.delay.value = 0
05-24 21:13:52.736 25658 26417 D CCodecConfig:   string input.media-type.value = "audio/vorbis"
05-24 21:13:52.736 25658 26417 D CCodecConfig:   string output.media-type.value = "audio/raw"
05-24 21:13:52.736 25658 26417 D CCodecConfig:   c2::u32 raw.channel-count.value = 1
05-24 21:13:52.736 25658 26417 D CCodecConfig:   c2::u32 raw.sample-rate.value = 48000
05-24 21:13:52.736 25658 26417 D CCodecConfig: }
05-24 21:13:52.737 25658 26415 I MediaCodec: [c2.android.vorbis.decoder] configure, format : AMessage(what = 0x00000000) = {
05-24 21:13:52.737 25658 26415 I MediaCodec:   string mime = "audio/vorbis"
05-24 21:13:52.737 25658 26415 I MediaCodec:   int64_t durationUs = 979791
05-24 21:13:52.737 25658 26415 I MediaCodec:   int32_t track-id = 1
05-24 21:13:52.737 25658 26415 I MediaCodec:   Buffer csd-0 = {
05-24 21:13:52.737 25658 26415 I MediaCodec:     00000000:  01 76 6f 72 62 69 73 00  00 00 00 01 80 bb 00 00  .vorbis.........
05-24 21:13:52.737 25658 26415 I MediaCodec:     00000010:  ff ff ff ff 00 6b 03 00  ff ff ff ff b8 01        .....k........
05-24 21:13:52.737 25658 26415 I MediaCodec:   }
05-24 21:13:52.737 25658 26415 I MediaCodec:   Buffer *csd-1 = 0x7e54810540
05-24 21:13:52.737 25658 26415 I MediaCodec:   int32_t bitrate = 224000
05-24 21:13:52.737 25658 26415 I MediaCodec:   int32_t channel-count = 1
05-24 21:13:52.737 25658 26415 I MediaCodec:   int32_t sample-rate = 48000
05-24 21:13:52.737 25658 26415 I MediaCodec:   int32_t channel-mask = 1
05-24 21:13:52.737 25658 26415 I MediaCodec: }
05-24 21:13:52.739 25658 26417 D MediaCodec: flushMediametrics
05-24 21:13:52.739 25658 26417 V ListServiceUtils: checkInListByUid module:sr-osie-whitelist uid:10742 cost 434us return (null)
05-24 21:13:52.740 25658 26417 D OplusCCodec: debug enabled , debugType :0
05-24 21:13:52.740 25658 26417 V ListServiceUtils: checkInListByUid module:minstance-delay uid:10742 cost 252us return (null)
05-24 21:13:52.740 25658 26417 D OplusCCodec: [initiateConfigureComponent:L459] OplusFeedbackInfo  mFeedbackID:544976594048
05-24 21:13:52.740 25658 26417 D CCodec  : [c2.android.vorbis.decoder] buffers are bound to CCodec for this session
05-24 21:13:52.740 25658 26417 D CCodecConfig: no c2 equivalents for durationUs
05-24 21:13:52.740 25658 26417 D CCodecConfig: no c2 equivalents for track-id
05-24 21:13:52.740 25658 26417 D CCodecConfig: no c2 equivalents for csd-1
05-24 21:13:52.740 25658 26417 D CCodecConfig: no c2 equivalents for channel-mask
05-24 21:13:52.740 25658 26417 D CCodecConfig: no c2 equivalents for flags
05-24 21:13:52.741 25658 26417 D CCodecConfig: c2 config diff is   c2::u32 coded.bitrate.value = 224000
05-24 21:13:52.742 25658 26417 W Codec2Client: query -- param skipped: index = 1107298332.
05-24 21:13:52.742 25658 26417 D CCodec  : setup formats input: AMessage(what = 0x00000000) = {
05-24 21:13:52.742 25658 26417 D CCodec  :   int32_t bitrate = 224000
05-24 21:13:52.742 25658 26417 D CCodec  :   int32_t channel-count = 1
05-24 21:13:52.742 25658 26417 D CCodec  :   int32_t max-input-size = 32768
05-24 21:13:52.742 25658 26417 D CCodec  :   string mime = "audio/vorbis"
05-24 21:13:52.742 25658 26417 D CCodec  :   int32_t sample-rate = 48000
05-24 21:13:52.742 25658 26417 D CCodec  : }
05-24 21:13:52.742 25658 26417 D CCodec  : setup formats output: AMessage(what = 0x00000000) = {
05-24 21:13:52.742 25658 26417 D CCodec  :   int32_t channel-count = 1
05-24 21:13:52.742 25658 26417 D CCodec  :   string mime = "audio/raw"
05-24 21:13:52.742 25658 26417 D CCodec  :   int32_t sample-rate = 48000
05-24 21:13:52.742 25658 26417 D CCodec  :   int32_t channel-mask = 1
05-24 21:13:52.742 25658 26417 D CCodec  : }
05-24 21:13:52.743 25658 26417 I CCodecConfig: query failed after returning 7 values (BAD_INDEX)
05-24 21:13:52.758 25658 26417 W Codec2Client: query -- param skipped: index = 1342179345.
05-24 21:13:52.758 25658 26417 W Codec2Client: query -- param skipped: index = 2415921170.
05-24 21:13:52.760 25658 26417 D CCodecBufferChannel: [c2.android.vorbis.decoder#48] Created input block pool with allocatorID 16 => poolID 19 - OK (0)
05-24 21:13:52.763 25658 26417 I CCodecBufferChannel: [c2.android.vorbis.decoder#48] Created output block pool with allocatorID 16 => poolID 730 - OK
05-24 21:13:52.763 25658 26417 D CCodecBufferChannel: [c2.android.vorbis.decoder#48] Configured output block pool ids 730 => OK
05-24 21:13:52.763 25658 25715 W CameraMetadataJV: Expect face scores and rectangles to be non-null
05-24 21:13:52.765 25658 25715 W CAM_A   : PHOTO > abs Δ(result sensor timestamp) = 167.17 ms > 70.00 ms
05-24 21:13:52.766 25658 25715 W CAM_A   : PHOTO > rel Δ(result sensor timestamp) = 3.00 > 0.25
05-24 21:13:52.766 25658 25715 W CAM_A   : PHOTO > result sensor delay = 4.01 > 1.10
05-24 21:13:52.776 25658 25658 I Quality : Skipped: false 4 cost 72.53053 refreshRate 16666667 processName com.google.android.GoogleCameraLMC
05-24 21:13:52.776 25658 25658 E ActivityThread: asyncReportFrames skippedFrames= 4 true
05-24 21:13:52.782 25658 26415 D SoundPool::Sound: begin to decode(fd=248)
05-24 21:13:52.917 25658 26029 D BufferPoolAccessor2.0: bufferpool2 0x7e525c6828 : 0(0 size) total buffers - 0(0 size) used buffers - 1/7 (recycle/alloc) - 6/40 (fetch/transfer)
05-24 21:13:52.917 25658 26029 D BufferPoolAccessor2.0: evictor expired: 1, evicted: 1
05-24 21:13:52.924 25658 25715 W CameraMetadataJV: Expect face scores and rectangles to be non-null
05-24 21:13:52.925 25658 25715 W CAM_A   : PHOTO > abs Δ(result sensor timestamp) = 125.38 ms > 70.00 ms
05-24 21:13:52.926 25658 25715 W CAM_A   : PHOTO > result sensor delay = 3.01 > 1.10
05-24 21:13:53.054 25658 25715 W CameraMetadataJV: Expect face scores and rectangles to be non-null
05-24 21:13:53.057 25658 25715 W CAM_A   : PHOTO > abs Δ(result sensor timestamp) = 83.59 ms > 70.00 ms
05-24 21:13:53.057 25658 25715 W CAM_A   : PHOTO > rel Δ(result sensor timestamp) = 0.33 > 0.25
05-24 21:13:53.058 25658 25715 W CAM_A   : PHOTO > result sensor delay = 2.01 > 1.10
05-24 21:13:53.081 25658 25671 D CompatibilityChangeReporter: Compat change id reported: 150939131; UID 10742; state: DISABLED
05-24 21:13:53.149 25658 25715 W CameraMetadataJV: Expect face scores and rectangles to be non-null
05-24 21:13:53.150 25658 25715 W CAM_A   : PHOTO > abs Δ(result sensor timestamp) = 167.17 ms > 70.00 ms
05-24 21:13:53.151 25658 25715 W CAM_A   : PHOTO > rel Δ(result sensor timestamp) = 1.00 > 0.25
05-24 21:13:53.151 25658 25715 W CAM_A   : PHOTO > result sensor delay = 4.01 > 1.10
05-24 21:13:53.334 25658 25715 W CameraMetadataJV: Expect face scores and rectangles to be non-null
05-24 21:13:53.339 25658 25715 W CAM_A   : PHOTO > abs Δ(result sensor timestamp) = 167.17 ms > 70.00 ms
05-24 21:13:53.340 25658 25715 W CAM_A   : PHOTO > result sensor delay = 4.01 > 1.10
05-24 21:13:53.429 25658 25715 W CameraMetadataJV: Expect face scores and rectangles to be non-null
05-24 21:13:53.435 25658 25715 W CAM_A   : PHOTO > abs Δ(result sensor timestamp) = 83.59 ms > 70.00 ms
05-24 21:13:53.436 25658 25715 W CAM_A   : PHOTO > rel Δ(result sensor timestamp) = 0.50 > 0.25
05-24 21:13:53.436 25658 25715 W CAM_A   : PHOTO > result sensor delay = 2.01 > 1.10
05-24 21:13:53.525 25658 25715 W CameraMetadataJV: Expect face scores and rectangles to be non-null
05-24 21:13:53.527 25658 25715 W CAM_A   : PHOTO > abs Δ(result sensor timestamp) = 167.17 ms > 70.00 ms
05-24 21:13:53.528 25658 25715 W CAM_A   : PHOTO > rel Δ(result sensor timestamp) = 1.00 > 0.25
05-24 21:13:53.529 25658 25715 W CAM_A   : PHOTO > result sensor delay = 4.01 > 1.10
05-24 21:13:53.575 25658 26417 D OplusCCodec: initiateShutdown [531]: (0x7ee322e480) keepComponentAllocated=1
05-24 21:13:53.575 25658 26417 D CCodecBufferChannel: [c2.android.vorbis.decoder#48] MediaCodec discarded an unknown buffer
05-24 21:13:53.575 25658 26417 D CCodecBufferChannel: [c2.android.vorbis.decoder#48] MediaCodec discarded an unknown buffer
05-24 21:13:53.576 25658 26415 D SoundPool::Sound: end to decode (fd=248)
05-24 21:13:53.577 25658 26417 D OplusCCodec: initiateShutdown [531]: (0x7ee322e480) keepComponentAllocated=0
05-24 21:13:53.625 25658 26417 I hw-BpHwBinder: onLastStrongRef automatically unlinking death recipients
05-24 21:13:53.629 25658 26415 D MediaCodec: flushMediametrics
05-24 21:13:53.642 25658 26415 D OplusCCodec: ~OplusCCodec [146]: (0x7ee322e480)
05-24 21:13:53.645 25658 25715 W CameraMetadataJV: Expect face scores and rectangles to be non-null
05-24 21:13:53.647 25658 25715 W CAM_A   : PHOTO > abs Δ(result sensor timestamp) = 83.59 ms > 70.00 ms
05-24 21:13:53.647 25658 25715 W CAM_A   : PHOTO > rel Δ(result sensor timestamp) = 0.50 > 0.25
05-24 21:13:53.647 25658 25715 W CAM_A   : PHOTO > result sensor delay = 2.01 > 1.10
05-24 21:13:53.668 25658 25701 D AudioTrack: INSP: type=audio,case=1,set=0x7e5258e200,stream_type=7,sample_rate=48000,format=0x1,channel_mask=0x1,frame_count=0,flags=0x4,notification_frames=0,session_id=0,transfer_type=0,uid=-1,pid=-1
05-24 21:13:53.668 25658 25701 D AudioTrack: INSP: type=audio,case=1,attributes=1,content_type=4,usage=13,source=0,flags=0x801
05-24 21:13:53.668 25658 25701 D AudioTrackExtImpl: AudioTrackExtImpl init
05-24 21:13:53.668 25658 25701 D AudioTrack: set() streamType 7, sampleRate 48000, format 0x1, channelMask 0x1, frameCount 0, flags #4, notificationFrames 0, sessionId 0, transferType 0, uid -1, pid -1 cbf 1
05-24 21:13:53.668 25658 25701 D AudioTrack: set(): Building AudioTrack with attributes: usage=13 content=4 flags=0x801 tags=[]
05-24 21:13:53.669 25658 25701 D AudioTrack: set(): 0x7e5258e200, Create AudioTrackThread, tid = 26467
05-24 21:13:53.769 25658 25701 I AudioTrack: createTrack_l(9): AUDIO_OUTPUT_FLAG_FAST successful; frameCount 0 -> 47030
05-24 21:13:53.772 25658 25701 D AudioTrack: createTrack_l(1331): 0x7e5258e200, mCblk = 0x7f8e261000, mLatency = 1021, mAfLatency = 42, frameCount = 47030, mSampleRate = 48000, mFlags = 0x4, mReqFrameCount = 47030, mNotificationFramesAct = 0
05-24 21:13:53.773 25658 25701 V ListServiceUtils: checkInListByUid module:audio-choppy-boost uid:10742 cost 419us return (null)
05-24 21:13:53.774 25658 25715 W CameraMetadataJV: Expect face scores and rectangles to be non-null
05-24 21:13:53.774 25658 25701 D AudioTrack: setVolume(1331): 0x7e5258e200, left = 0.600000, right = 0.600000
05-24 21:13:53.774 25658 25701 D AudioTrack: setVolume left 0.600 right 0.600 , callingPid 25658
05-24 21:13:53.775 25658 25701 D AudioTrack: start(1331): prior state:STATE_STOPPED output 13 stream 7 session 8953
05-24 21:13:53.775 25658 25701 D AudioTrack: start(1331): 0x7e5258e200, prior state:STATE_STOPPED
05-24 21:13:53.778 25658 25715 W CAM_A   : PHOTO > abs Δ(result sensor timestamp) = 125.38 ms > 70.00 ms
05-24 21:13:53.779 25658 25715 W CAM_A   : PHOTO > rel Δ(result sensor timestamp) = 0.50 > 0.25
05-24 21:13:53.780 25658 25715 W CAM_A   : PHOTO > result sensor delay = 3.01 > 1.10
05-24 21:13:53.879 25658 25715 W CameraMetadataJV: Expect face scores and rectangles to be non-null
05-24 21:13:53.880 25658 25715 W CAM_A   : PHOTO > abs Δ(result sensor timestamp) = 125.38 ms > 70.00 ms
05-24 21:13:53.881 25658 25715 W CAM_A   : PHOTO > result sensor delay = 3.01 > 1.10
05-24 21:13:53.919 25658 26029 D BufferPoolAccessor2.0: bufferpool2 0x7e4fd65a28 : 0(0 size) total buffers - 0(0 size) used buffers - 1/7 (recycle/alloc) - 6/82 (fetch/transfer)
05-24 21:13:53.919 25658 26029 D BufferPoolAccessor2.0: evictor expired: 1, evicted: 1
05-24 21:13:54.022 25658 25715 W CameraMetadataJV: Expect face scores and rectangles to be non-null
05-24 21:13:54.026 25658 25715 W CAM_A   : PHOTO > abs Δ(result sensor timestamp) = 125.38 ms > 70.00 ms
05-24 21:13:54.027 25658 25715 W CAM_A   : PHOTO > result sensor delay = 3.01 > 1.10
05-24 21:13:54.076 25658 25715 W CameraMetadataJV: Expect face scores and rectangles to be non-null
05-24 21:13:54.079 25658 25715 W CAM_A   : PHOTO > abs Δ(result sensor timestamp) = 83.59 ms > 70.00 ms
05-24 21:13:54.084 25658 25715 W CAM_A   : PHOTO > rel Δ(result sensor timestamp) = 0.33 > 0.25
05-24 21:13:54.085 25658 25715 W CAM_A   : PHOTO > result sensor delay = 2.01 > 1.10
05-24 21:13:54.234 25658 25715 W CameraMetadataJV: Expect face scores and rectangles to be non-null
05-24 21:13:54.236 25658 25715 W CAM_A   : PHOTO > abs Δ(result sensor timestamp) = 167.17 ms > 70.00 ms
05-24 21:13:54.237 25658 25715 W CAM_A   : PHOTO > rel Δ(result sensor timestamp) = 1.00 > 0.25
05-24 21:13:54.238 25658 25715 W CAM_A   : PHOTO > result sensor delay = 4.01 > 1.10
05-24 21:13:54.530 25658 26422 W libgcam : [pipeline_manager.cc:799]: AbortShot: Shot aborted by AbortShot() during capture (shot_id = 0).
05-24 21:13:54.639 25658 26422 E CAM_PictureTakerImpl: PictureTaker command failed: pih@678f78[status=SUCCESS, result=[got@89ed651]]
05-24 21:13:54.639 25658 26422 E CAM_PictureTakerImpl: java.lang.IndexOutOfBoundsException: Index 0 out of bounds for length 0
05-24 21:13:54.639 25658 26422 E CAM_PictureTakerImpl: 	at jdk.internal.util.Preconditions.outOfBounds(Preconditions.java:64)
05-24 21:13:54.639 25658 26422 E CAM_PictureTakerImpl: 	at jdk.internal.util.Preconditions.outOfBoundsCheckIndex(Preconditions.java:70)
05-24 21:13:54.639 25658 26422 E CAM_PictureTakerImpl: 	at jdk.internal.util.Preconditions.checkIndex(Preconditions.java:266)
05-24 21:13:54.639 25658 26422 E CAM_PictureTakerImpl: 	at java.util.Objects.checkIndex(Objects.java:359)
05-24 21:13:54.639 25658 26422 E CAM_PictureTakerImpl: 	at java.util.ArrayList.get(ArrayList.java:434)
05-24 21:13:54.639 25658 26422 E CAM_PictureTakerImpl: 	at imd.a(Unknown Source:221)
05-24 21:13:54.639 25658 26422 E CAM_PictureTakerImpl: 	at lcr.c(Unknown Source:2)
05-24 21:13:54.639 25658 26422 E CAM_PictureTakerImpl: 	at ldl.h(Unknown Source:2)
05-24 21:13:54.639 25658 26422 E CAM_PictureTakerImpl: 	at ldk.fA(Unknown Source:8)
05-24 21:13:54.639 25658 26422 E CAM_PictureTakerImpl: 	at lci.fA(Unknown Source:2)
05-24 21:13:54.639 25658 26422 E CAM_PictureTakerImpl: 	at ldl.fA(Unknown Source:2)
05-24 21:13:54.639 25658 26422 E CAM_PictureTakerImpl: 	at lci.fA(Unknown Source:2)
05-24 21:13:54.639 25658 26422 E CAM_PictureTakerImpl: 	at ldk.fA(Unknown Source:4)
05-24 21:13:54.639 25658 26422 E CAM_PictureTakerImpl: 	at lci.fA(Unknown Source:2)
05-24 21:13:54.639 25658 26422 E CAM_PictureTakerImpl: 	at ldl.fA(Unknown Source:2)
05-24 21:13:54.639 25658 26422 E CAM_PictureTakerImpl: 	at lci.fA(Unknown Source:2)
05-24 21:13:54.639 25658 26422 E CAM_PictureTakerImpl: 	at gzp.c(Unknown Source:565)
05-24 21:13:54.639 25658 26422 E CAM_PictureTakerImpl: 	at gzy.c(Unknown Source:152)
05-24 21:13:54.639 25658 26422 E CAM_PictureTakerImpl: 	at gov.c(Unknown Source:21)
05-24 21:13:54.639 25658 26422 E CAM_PictureTakerImpl: 	at gop.c(Unknown Source:275)
05-24 21:13:54.639 25658 26422 E CAM_PictureTakerImpl: 	at gov.c(Unknown Source:21)
05-24 21:13:54.639 25658 26422 E CAM_PictureTakerImpl: 	at gom.c(Unknown Source:39)
05-24 21:13:54.639 25658 26422 E CAM_PictureTakerImpl: 	at gou.c(Unknown Source:7)
05-24 21:13:54.639 25658 26422 E CAM_PictureTakerImpl: 	at got.c(Unknown Source:75)
05-24 21:13:54.639 25658 26422 E CAM_PictureTakerImpl: 	at gpc.a(Unknown Source:180)
05-24 21:13:54.639 25658 26422 E CAM_PictureTakerImpl: 	at gia.run(Unknown Source:42)
05-24 21:13:54.639 25658 26422 E CAM_PictureTakerImpl: 	at java.util.concurrent.Executors$RunnableAdapter.call(Executors.java:487)
05-24 21:13:54.639 25658 26422 E CAM_PictureTakerImpl: 	at pio.a(Unknown Source:2)
05-24 21:13:54.639 25658 26422 E CAM_PictureTakerImpl: 	at phs.run(Unknown Source:20)
05-24 21:13:54.639 25658 26422 E CAM_PictureTakerImpl: 	at pip.run(Unknown Source:4)
05-24 21:13:54.639 25658 26422 E CAM_PictureTakerImpl: 	at java.util.concurrent.ThreadPoolExecutor.runWorker(ThreadPoolExecutor.java:1145)
05-24 21:13:54.639 25658 26422 E CAM_PictureTakerImpl: 	at java.util.concurrent.ThreadPoolExecutor$Worker.run(ThreadPoolExecutor.java:644)
05-24 21:13:54.639 25658 26422 E CAM_PictureTakerImpl: 	at java.lang.Thread.run(Thread.java:1012)
05-24 21:13:54.639 25658 26422 E CAM_PictureTakerImpl: 	at lab.run(Unknown Source:5)
05-24 21:13:54.641 25658 26422 W CAM_A   : [ShotId-0] Could not cancel MediaStore insertion
05-24 21:13:54.667 25658 26422 W CAM_A   : onCaptureCanceled-UNKNOWN 116414162384081
05-24 21:13:54.668 25658 26422 W CAM_ShotFailureHdlr: Shot Exception!
05-24 21:13:54.668 25658 26422 W CAM_ShotFailureHdlr: dmb: java.lang.IndexOutOfBoundsException: Index 0 out of bounds for length 0
05-24 21:13:54.668 25658 26422 W CAM_ShotFailureHdlr: 	at hps.w(Unknown Source:107)
05-24 21:13:54.668 25658 26422 W CAM_ShotFailureHdlr: 	at hqd.w(Unknown Source:2)
05-24 21:13:54.668 25658 26422 W CAM_ShotFailureHdlr: 	at gpc.a(Unknown Source:351)
05-24 21:13:54.668 25658 26422 W CAM_ShotFailureHdlr: 	at gia.run(Unknown Source:42)
05-24 21:13:54.668 25658 26422 W CAM_ShotFailureHdlr: 	at java.util.concurrent.Executors$RunnableAdapter.call(Executors.java:487)
05-24 21:13:54.668 25658 26422 W CAM_ShotFailureHdlr: 	at pio.a(Unknown Source:2)
05-24 21:13:54.668 25658 26422 W CAM_ShotFailureHdlr: 	at phs.run(Unknown Source:20)
05-24 21:13:54.668 25658 26422 W CAM_ShotFailureHdlr: 	at pip.run(Unknown Source:4)
05-24 21:13:54.668 25658 26422 W CAM_ShotFailureHdlr: 	at java.util.concurrent.ThreadPoolExecutor.runWorker(ThreadPoolExecutor.java:1145)
05-24 21:13:54.668 25658 26422 W CAM_ShotFailureHdlr: 	at java.util.concurrent.ThreadPoolExecutor$Worker.run(ThreadPoolExecutor.java:644)
05-24 21:13:54.668 25658 26422 W CAM_ShotFailureHdlr: 	at java.lang.Thread.run(Thread.java:1012)
05-24 21:13:54.668 25658 26422 W CAM_ShotFailureHdlr: 	at lab.run(Unknown Source:5)
05-24 21:13:54.668 25658 26422 W CAM_ShotFailureHdlr: Caused by: java.lang.IndexOutOfBoundsException: Index 0 out of bounds for length 0
05-24 21:13:54.668 25658 26422 W CAM_ShotFailureHdlr: 	at jdk.internal.util.Preconditions.outOfBounds(Preconditions.java:64)
05-24 21:13:54.668 25658 26422 W CAM_ShotFailureHdlr: 	at jdk.internal.util.Preconditions.outOfBoundsCheckIndex(Preconditions.java:70)
05-24 21:13:54.668 25658 26422 W CAM_ShotFailureHdlr: 	at jdk.internal.util.Preconditions.checkIndex(Preconditions.java:266)
05-24 21:13:54.668 25658 26422 W CAM_ShotFailureHdlr: 	at java.util.Objects.checkIndex(Objects.java:359)
05-24 21:13:54.668 25658 26422 W CAM_ShotFailureHdlr: 	at java.util.ArrayList.get(ArrayList.java:434)
05-24 21:13:54.668 25658 26422 W CAM_ShotFailureHdlr: 	at imd.a(Unknown Source:221)
05-24 21:13:54.668 25658 26422 W CAM_ShotFailureHdlr: 	at lcr.c(Unknown Source:2)
05-24 21:13:54.668 25658 26422 W CAM_ShotFailureHdlr: 	at ldl.h(Unknown Source:2)
05-24 21:13:54.668 25658 26422 W CAM_ShotFailureHdlr: 	at ldk.fA(Unknown Source:8)
05-24 21:13:54.668 25658 26422 W CAM_ShotFailureHdlr: 	at lci.fA(Unknown Source:2)
05-24 21:13:54.668 25658 26422 W CAM_ShotFailureHdlr: 	at ldl.fA(Unknown Source:2)
05-24 21:13:54.668 25658 26422 W CAM_ShotFailureHdlr: 	at lci.fA(Unknown Source:2)
05-24 21:13:54.668 25658 26422 W CAM_ShotFailureHdlr: 	at ldk.fA(Unknown Source:4)
05-24 21:13:54.668 25658 26422 W CAM_ShotFailureHdlr: 	at lci.fA(Unknown Source:2)
05-24 21:13:54.668 25658 26422 W CAM_ShotFailureHdlr: 	at ldl.fA(Unknown Source:2)
05-24 21:13:54.668 25658 26422 W CAM_ShotFailureHdlr: 	at lci.fA(Unknown Source:2)
05-24 21:13:54.668 25658 26422 W CAM_ShotFailureHdlr: 	at gzp.c(Unknown Source:565)
05-24 21:13:54.668 25658 26422 W CAM_ShotFailureHdlr: 	at gzy.c(Unknown Source:152)
05-24 21:13:54.668 25658 26422 W CAM_ShotFailureHdlr: 	at gov.c(Unknown Source:21)
05-24 21:13:54.668 25658 26422 W CAM_ShotFailureHdlr: 	at gop.c(Unknown Source:275)
05-24 21:13:54.668 25658 26422 W CAM_ShotFailureHdlr: 	at gov.c(Unknown Source:21)
05-24 21:13:54.668 25658 26422 W CAM_ShotFailureHdlr: 	at gom.c(Unknown Source:39)
05-24 21:13:54.668 25658 26422 W CAM_ShotFailureHdlr: 	at gou.c(Unknown Source:7)
05-24 21:13:54.668 25658 26422 W CAM_ShotFailureHdlr: 	at got.c(Unknown Source:75)
05-24 21:13:54.668 25658 26422 W CAM_ShotFailureHdlr: 	at gpc.a(Unknown Source:180)
05-24 21:13:54.668 25658 26422 W CAM_ShotFailureHdlr: 	... 9 more
05-24 21:13:54.729 25658 25658 D AndroidRuntime: Shutting down VM
--------- beginning of crash
05-24 21:13:54.730 25658 25658 E AndroidRuntime: FATAL EXCEPTION: main
05-24 21:13:54.730 25658 25658 E AndroidRuntime: Process: com.google.android.GoogleCameraLMC, PID: 25658
05-24 21:13:54.730 25658 25658 E AndroidRuntime: java.lang.RuntimeException: java.lang.IndexOutOfBoundsException: Index 0 out of bounds for length 0
05-24 21:13:54.730 25658 25658 E AndroidRuntime: 	at glt.run(Unknown Source:9)
05-24 21:13:54.730 25658 25658 E AndroidRuntime: 	at bwx.run(Unknown Source:82)
05-24 21:13:54.730 25658 25658 E AndroidRuntime: 	at android.os.Handler.handleCallback(Handler.java:938)
05-24 21:13:54.730 25658 25658 E AndroidRuntime: 	at android.os.Handler.dispatchMessage(Handler.java:99)
05-24 21:13:54.730 25658 25658 E AndroidRuntime: 	at android.os.Looper.loopOnce(Looper.java:233)
05-24 21:13:54.730 25658 25658 E AndroidRuntime: 	at android.os.Looper.loop(Looper.java:344)
05-24 21:13:54.730 25658 25658 E AndroidRuntime: 	at android.app.ActivityThread.main(ActivityThread.java:8249)
05-24 21:13:54.730 25658 25658 E AndroidRuntime: 	at java.lang.reflect.Method.invoke(Native Method)
05-24 21:13:54.730 25658 25658 E AndroidRuntime: 	at com.android.internal.os.RuntimeInit$MethodAndArgsCaller.run(RuntimeInit.java:589)
05-24 21:13:54.730 25658 25658 E AndroidRuntime: 	at com.android.internal.os.ZygoteInit.main(ZygoteInit.java:1071)
05-24 21:13:54.730 25658 25658 E AndroidRuntime: Caused by: java.lang.IndexOutOfBoundsException: Index 0 out of bounds for length 0
05-24 21:13:54.730 25658 25658 E AndroidRuntime: 	at jdk.internal.util.Preconditions.outOfBounds(Preconditions.java:64)
05-24 21:13:54.730 25658 25658 E AndroidRuntime: 	at jdk.internal.util.Preconditions.outOfBoundsCheckIndex(Preconditions.java:70)
05-24 21:13:54.730 25658 25658 E AndroidRuntime: 	at jdk.internal.util.Preconditions.checkIndex(Preconditions.java:266)
05-24 21:13:54.730 25658 25658 E AndroidRuntime: 	at java.util.Objects.checkIndex(Objects.java:359)
05-24 21:13:54.730 25658 25658 E AndroidRuntime: 	at java.util.ArrayList.get(ArrayList.java:434)
05-24 21:13:54.730 25658 25658 E AndroidRuntime: 	at imd.a(Unknown Source:221)
05-24 21:13:54.730 25658 25658 E AndroidRuntime: 	at lcr.c(Unknown Source:2)
05-24 21:13:54.730 25658 25658 E AndroidRuntime: 	at ldl.h(Unknown Source:2)
05-24 21:13:54.730 25658 25658 E AndroidRuntime: 	at ldk.fA(Unknown Source:8)
05-24 21:13:54.730 25658 25658 E AndroidRuntime: 	at lci.fA(Unknown Source:2)
05-24 21:13:54.730 25658 25658 E AndroidRuntime: 	at ldl.fA(Unknown Source:2)
05-24 21:13:54.730 25658 25658 E AndroidRuntime: 	at lci.fA(Unknown Source:2)
05-24 21:13:54.730 25658 25658 E AndroidRuntime: 	at ldk.fA(Unknown Source:4)
05-24 21:13:54.730 25658 25658 E AndroidRuntime: 	at lci.fA(Unknown Source:2)
05-24 21:13:54.730 25658 25658 E AndroidRuntime: 	at ldl.fA(Unknown Source:2)
05-24 21:13:54.730 25658 25658 E AndroidRuntime: 	at lci.fA(Unknown Source:2)
05-24 21:13:54.730 25658 25658 E AndroidRuntime: 	at gzp.c(Unknown Source:565)
05-24 21:13:54.730 25658 25658 E AndroidRuntime: 	at gzy.c(Unknown Source:152)
05-24 21:13:54.730 25658 25658 E AndroidRuntime: 	at gov.c(Unknown Source:21)
05-24 21:13:54.730 25658 25658 E AndroidRuntime: 	at gop.c(Unknown Source:275)
05-24 21:13:54.730 25658 25658 E AndroidRuntime: 	at gov.c(Unknown Source:21)
05-24 21:13:54.730 25658 25658 E AndroidRuntime: 	at gom.c(Unknown Source:39)
05-24 21:13:54.730 25658 25658 E AndroidRuntime: 	at gou.c(Unknown Source:7)
05-24 21:13:54.730 25658 25658 E AndroidRuntime: 	at got.c(Unknown Source:75)
05-24 21:13:54.730 25658 25658 E AndroidRuntime: 	at gpc.a(Unknown Source:180)
05-24 21:13:54.730 25658 25658 E AndroidRuntime: 	at gia.run(Unknown Source:42)
05-24 21:13:54.730 25658 25658 E AndroidRuntime: 	at java.util.concurrent.Executors$RunnableAdapter.call(Executors.java:487)
05-24 21:13:54.730 25658 25658 E AndroidRuntime: 	at pio.a(Unknown Source:2)
05-24 21:13:54.730 25658 25658 E AndroidRuntime: 	at phs.run(Unknown Source:20)
05-24 21:13:54.730 25658 25658 E AndroidRuntime: 	at pip.run(Unknown Source:4)
05-24 21:13:54.730 25658 25658 E AndroidRuntime: 	at java.util.concurrent.ThreadPoolExecutor.runWorker(ThreadPoolExecutor.java:1145)
05-24 21:13:54.730 25658 25658 E AndroidRuntime: 	at java.util.concurrent.ThreadPoolExecutor$Worker.run(ThreadPoolExecutor.java:644)
05-24 21:13:54.730 25658 25658 E AndroidRuntime: 	at java.lang.Thread.run(Thread.java:1012)
05-24 21:13:54.730 25658 25658 E AndroidRuntime: 	at lab.run(Unknown Source:5)
05-24 21:13:54.796 25658 26524 W CAM_A   : [ShotId-0] Mediagroup.Listener#onAbandoned: PXL_20240524_211352555 (MediaGroup-0)
05-24 21:13:54.834 25658 25685 V ListServiceUtils: checkInListByUid start module:custom-icc uid:10742  time 74812343844us
05-24 21:13:54.841 25658 25685 V ListServiceUtils: checkInListByUid end module:custom-icc uid:10742  time 74812350356us
05-24 21:13:54.841 25658 25685 D ListServiceUtils: checkInListByUid module:custom-icc uid:10742 cost 6511us return 0
05-24 21:13:54.841 25658 25685 E ListServiceUtils: checkInListByUid module:custom-icc uid:10742 cost 6511us return 0
05-24 21:13:54.841 25658 25685 V ListServiceUtils: checkInListByUid module:image-processing uid:10742 cost 495us return (null)
05-24 21:13:54.842 25658 25685 V JpegEncoderExtImpl: Resolution: 324 x 243,support: 0;
05-24 21:13:54.846 25658 25715 W CameraMetadataJV: Expect face scores and rectangles to be non-null
05-24 21:13:54.849 25658 25715 W CAM_A   : PHOTO > abs Δ(result sensor timestamp) = 543.31 ms > 70.00 ms
05-24 21:13:54.851 25658 25715 W CAM_A   : PHOTO > rel Δ(result sensor timestamp) = 2.25 > 0.25
05-24 21:13:54.854 25658 25715 W CAM_A   : PHOTO > result sensor delay = 13.03 > 1.10
05-24 21:13:54.871 26533 26533 I libc    : SetHeapTaggingLevel: tag level set to 0
05-24 21:13:54.891 26533 26533 E MC:crash_repor: Unknown bits set in runtime_flags: 0x40000000
05-24 21:13:54.891 26533 26533 I MC:crash_repor: Using CollectorTypeCC GC.
05-24 21:13:54.908 26533 26533 E MC:crash_repor: Not starting debugger since process cannot load the jdwp agent.
05-24 21:13:54.931 26533 26533 D ProcessState: Binder ioctl to enable oneway spam detection failed: Invalid argument
05-24 21:13:54.957 25658 26551 D AudioTrack: stop(1331): prior state:STATE_ACTIVE output 13 stream 7 session 8953
05-24 21:13:54.957 25658 26551 D AudioTrackShared: this(0x7e683c8cc0), mCblk(0x7f8e261000), front(3), mIsOut 1, interrupt() FUTEX_WAKE
05-24 21:13:54.958 25658 26551 D AudioTrack: stop(1331): 0x7e5258e200 stop done
05-24 21:13:54.966 25658 25715 W CameraMetadataJV: Expect face scores and rectangles to be non-null
05-24 21:13:54.968 25658 25715 W CAM_A   : PHOTO > rel Δ(result sensor timestamp) = 0.92 > 0.25
05-24 21:13:54.992 26533 26533 I OneTrace: Mark active for pid=26533? true
05-24 21:13:54.993 26533 26533 D cutils-dev: otrace_set_tracing_enabled? true
05-24 21:13:54.995 26533 26552 D cutils-dev: properties changed in otrace_seq_number_changed!
05-24 21:13:55.040 26533 26533 D CompatibilityChangeReporter: Compat change id reported: 171979766; UID 10742; state: DISABLED
05-24 21:13:55.040 26533 26533 I oplus.android.OplusFrameworkFactoryImpl: get feature:IOplusAutoResolutionFeature
05-24 21:13:55.040 26533 26533 I oplus.android.OplusFrameworkFactoryImpl: getOplusAutoResolutionFeature
05-24 21:13:55.041 26533 26533 D CompactWindowAppManager: initCompactApplicationInfo 
05-24 21:13:55.059 25658 25715 W CameraMetadataJV: Expect face scores and rectangles to be non-null
05-24 21:13:55.065 25658 25715 W CAM_A   : PHOTO > abs Δ(result sensor timestamp) = 208.97 ms > 70.00 ms
05-24 21:13:55.066 25658 25715 W CAM_A   : PHOTO > rel Δ(result sensor timestamp) = 4.00 > 0.25
05-24 21:13:55.067 25658 25715 W CAM_A   : PHOTO > result sensor delay = 5.01 > 1.10
05-24 21:13:55.136 26533 26533 W libc    : Access denied finding property "ro.odm.prev.product.name"
05-24 21:13:55.137 26533 26533 W libc    : Access denied finding property "ro.vendor.oplus.gundam"
05-24 21:13:55.152 25658 25715 W CameraMetadataJV: Expect face scores and rectangles to be non-null
05-24 21:13:55.152 26533 26533 D OplusFeatureConfigManager: Milliseconds spent on initOplusFeatureCache(): 2
05-24 21:13:55.153 25658 25715 W CAM_A   : PHOTO > abs Δ(result sensor timestamp) = 125.38 ms > 70.00 ms
05-24 21:13:55.154 25658 25715 W CAM_A   : PHOTO > rel Δ(result sensor timestamp) = 0.40 > 0.25
05-24 21:13:55.155 26533 26533 D LoadedApk: mApplicationInfo overrideDisplayId:null
05-24 21:13:55.155 26533 26533 D ApplicationLoaders: Returning zygote-cached class loader: /system/framework/android.test.base.jar
05-24 21:13:55.157 25658 25715 W CAM_A   : PHOTO > result sensor delay = 3.01 > 1.10
