--------- beginning of main
05-24 21:13:42.117 25658 25697 I CameraManagerExtImpl: getInstance success!
05-24 21:13:42.117 25658 25697 I CameraManagerExtImpl: packagename is com.google.android.GoogleCameraLMC
05-24 21:13:42.118 25658 25697 I OplusCameraManager: saveOpPackageName, mOpPackageName: com.google.android.GoogleCameraLMC
05-24 21:13:42.119 25658 25697 I OplusCameraManagerGlobal: setClientInfo, packageName: com.google.android.GoogleCameraLMC, uid: 10742, pid: 25658
05-24 21:13:42.120 25658 25697 I OplusCameraManagerGlobal: Connecting to camera service
05-24 21:13:42.125 25658 25697 I CameraManagerGlobal: Connecting to camera service
05-24 21:13:42.129 25658 25685 W AudioCapabilities: Unsupported mime audio/x-adpcm-dvi-ima
05-24 21:13:42.130 25658 25685 W AudioCapabilities: Unsupported mime audio/x-adpcm-dvi-ima
05-24 21:13:42.130 25658 25685 W AudioCapabilities: Unsupported mime audio/x-adpcm-ms
05-24 21:13:42.131 25658 25685 W AudioCapabilities: Unsupported mime audio/x-adpcm-ms
05-24 21:13:42.131 25658 25685 W AudioCapabilities: Unsupported mime audio/alac
05-24 21:13:42.132 25658 25685 W AudioCapabilities: Unsupported mime audio/alac
05-24 21:13:42.132 25658 25685 W AudioCapabilities: Unsupported mime audio/ape
05-24 21:13:42.132 25658 25685 W AudioCapabilities: Unsupported mime audio/ape
05-24 21:13:42.138 25658 25685 W AudioCapabilities: Unsupported mime audio/ffmpeg
05-24 21:13:42.139 25658 25685 W VideoCapabilities: Unsupported mime video/ffmpeg
05-24 21:13:42.145 25658 25685 W VideoCapabilities: Unrecognized profile/level 32768/256 for video/mp4v-es
05-24 21:13:42.145 25658 25685 W VideoCapabilities: Unrecognized profile/level 32768/256 for video/mp4v-es
05-24 21:13:42.147 25658 25685 W VideoCapabilities: Unsupported mime video/x-ms-wmv
05-24 21:13:42.147 25658 25685 W VideoCapabilities: Unsupported mime video/x-ms-wmv
05-24 21:13:42.156 25658 25658 I oplus.android.OplusFrameworkFactoryImpl: Unknow feature:IOplusTextViewRTLUtilForUG
05-24 21:13:42.158 25658 25697 E Parcel  : Reading a NULL string not supported here.
05-24 21:13:42.159 25658 25697 E Parcel  : Reading a NULL string not supported here.
05-24 21:13:42.159 25658 25697 E Parcel  : Reading a NULL string not supported here.
05-24 21:13:42.159 25658 25697 E Parcel  : Reading a NULL string not supported here.
05-24 21:13:42.159 25658 25697 E Parcel  : Reading a NULL string not supported here.
05-24 21:13:42.160 25658 25697 E Parcel  : Reading a NULL string not supported here.
05-24 21:13:42.160 25658 25697 E Parcel  : Reading a NULL string not supported here.
05-24 21:13:42.160 25658 25697 E Parcel  : Reading a NULL string not supported here.
05-24 21:13:42.160 25658 25697 E Parcel  : Reading a NULL string not supported here.
05-24 21:13:42.160 25658 25697 E Parcel  : Reading a NULL string not supported here.
05-24 21:13:42.161 25658 25697 E Parcel  : Reading a NULL string not supported here.
05-24 21:13:42.162 25658 25697 E Parcel  : Reading a NULL string not supported here.
05-24 21:13:42.162 25658 25697 E Parcel  : Reading a NULL string not supported here.
05-24 21:13:42.162 25658 25697 E Parcel  : Reading a NULL string not supported here.
05-24 21:13:42.163 25658 25697 E Parcel  : Reading a NULL string not supported here.
05-24 21:13:42.163 25658 25697 E Parcel  : Reading a NULL string not supported here.
05-24 21:13:42.163 25658 25697 E Parcel  : Reading a NULL string not supported here.
05-24 21:13:42.163 25658 25697 E Parcel  : Reading a NULL string not supported here.
05-24 21:13:42.163 25658 25697 E Parcel  : Reading a NULL string not supported here.
05-24 21:13:42.164 25658 25697 E Parcel  : Reading a NULL string not supported here.
05-24 21:13:42.164 25658 25697 E Parcel  : Reading a NULL string not supported here.
05-24 21:13:42.164 25658 25697 E Parcel  : Reading a NULL string not supported here.
05-24 21:13:42.166 25658 25699 D CameraManager2: GotArray:0
05-24 21:13:42.167 25658 25699 D CameraManager2: GotArray:1
05-24 21:13:42.167 25658 25699 D CameraManager2: GotArray:2
05-24 21:13:42.167 25658 25699 D CameraManager2: GotArray:3
05-24 21:13:42.167 25658 25699 D CameraManager2: GotArray:4
05-24 21:13:42.167 25658 25699 D CameraManager2: GotArray:6
05-24 21:13:42.172 25658 25701 D CameraManager2: GotArray:0
05-24 21:13:42.173 25658 25701 D CameraManager2: GotArray:1
05-24 21:13:42.173 25658 25701 D CameraManager2: GotArray:2
05-24 21:13:42.174 25658 25701 D CameraManager2: GotArray:3
05-24 21:13:42.174 25658 25701 D CameraManager2: GotArray:4
05-24 21:13:42.174 25658 25701 D CameraManager2: GotArray:6
05-24 21:13:42.177 25658 25697 W CAM_A   : Build number (S.202404011220) is not a number. Ignoring version check for b/149569689.
05-24 21:13:42.180 25658 25697 D CameraManager2: GotArray:0
05-24 21:13:42.180 25658 25697 D CameraManager2: GotArray:1
05-24 21:13:42.180 25658 25697 D CameraManager2: GotArray:2
05-24 21:13:42.180 25658 25697 D CameraManager2: GotArray:3
05-24 21:13:42.180 25658 25697 D CameraManager2: GotArray:4
05-24 21:13:42.181 25658 25697 D CameraManager2: GotArray:6
05-24 21:13:42.183 25658 25697 I OplusCameraManagerGlobal: setClientInfo, packageName: com.google.android.GoogleCameraLMC, uid: 10742, pid: 25658
--------- beginning of system
05-24 21:13:42.194 25658 25658 E OplusCustomizeRestrictionManager: sInstance is null, start a new sInstance
05-24 21:13:42.197 25658 25697 I OplusCameraManagerGlobal: setClientInfo, packageName: com.google.android.GoogleCameraLMC, uid: 10742, pid: 25658
05-24 21:13:42.200 25658 25701 D CameraManager2: GotArray:0
05-24 21:13:42.200 25658 25701 D CameraManager2: GotArray:1
05-24 21:13:42.200 25658 25701 D CameraManager2: GotArray:2
05-24 21:13:42.200 25658 25701 D CameraManager2: GotArray:3
05-24 21:13:42.200 25658 25701 D CameraManager2: GotArray:4
05-24 21:13:42.200 25658 25701 D CameraManager2: GotArray:6
05-24 21:13:42.204 25658 25701 D CameraManager2: GotArray:0
05-24 21:13:42.204 25658 25701 D CameraManager2: GotArray:1
05-24 21:13:42.204 25658 25701 D CameraManager2: GotArray:2
05-24 21:13:42.204 25658 25701 D CameraManager2: GotArray:3
05-24 21:13:42.204 25658 25701 D CameraManager2: GotArray:4
05-24 21:13:42.204 25658 25701 D CameraManager2: GotArray:6
05-24 21:13:42.224 25658 25701 D CameraManager2: GotArray:0
05-24 21:13:42.224 25658 25701 D CameraManager2: GotArray:1
05-24 21:13:42.225 25658 25701 D CameraManager2: GotArray:2
05-24 21:13:42.225 25658 25701 D CameraManager2: GotArray:3
05-24 21:13:42.225 25658 25701 D CameraManager2: GotArray:4
05-24 21:13:42.225 25658 25701 D CameraManager2: GotArray:6
05-24 21:13:42.238 25658 25708 I OplusCameraManagerGlobal: setClientInfo, packageName: com.google.android.GoogleCameraLMC, uid: 10742, pid: 25658
05-24 21:13:42.241 25658 25708 I OplusCameraManagerGlobal: setClientInfo, packageName: com.google.android.GoogleCameraLMC, uid: 10742, pid: 25658
05-24 21:13:42.243 25658 25709 D libMEOW : meow new tls: 0x7e68224500
05-24 21:13:42.243 25658 25709 D libMEOW : applied 1 plugins for [com.google.android.GoogleCameraLMC]:
05-24 21:13:42.244 25658 25709 D libMEOW :   plugin 1: [libMEOW_gift.so]: 0xb400007ed6459940
05-24 21:13:42.244 25658 25709 D libMEOW : rebuild call chain: 0x7e68248d00
05-24 21:13:42.245 25658 25708 I CameraDeviceImplExtImpl: getInstance success!
05-24 21:13:42.245 25658 25708 I OplusCameraManagerGlobal: setClientInfo, packageName: com.google.android.GoogleCameraLMC, uid: 10742, pid: 25658
05-24 21:13:42.249 25658 25708 D OplusCameraUtils: new OplusCameraUtils!
05-24 21:13:42.258 25658 25708 I OplusCameraUtils: current activityName: com.google.android.apps.camera.legacy.app.activity.main.CameraActivity
05-24 21:13:42.258 25658 25708 I OplusCameraUtils: getComponentName, componentName: com.google.android.GoogleCameraLMC/com.google.android.apps.camera.legacy.app.activity.main.CameraActivity, packageName:com.google.android.GoogleCameraLMC, activityName:com.google.android.apps.camera.legacy.app.activity.main.CameraActivity
05-24 21:13:42.258 25658 25708 I CameraManager: openCameraDeviceUserAsync, use componentName: com.google.android.GoogleCameraLMC/com.google.android.apps.camera.legacy.app.activity.main.CameraActivity
05-24 21:13:42.259 25658 25709 D hw-ProcessState: Binder ioctl to enable oneway spam detection failed: Invalid argument
05-24 21:13:42.269 25658 25708 I OplusCameraUtils: current activityName: com.google.android.apps.camera.legacy.app.activity.main.CameraActivity
05-24 21:13:42.269 25658 25708 I OplusCameraUtils: getComponentName, componentName: com.google.android.GoogleCameraLMC/com.google.android.apps.camera.legacy.app.activity.main.CameraActivity, packageName:com.google.android.GoogleCameraLMC, activityName:com.google.android.apps.camera.legacy.app.activity.main.CameraActivity
05-24 21:13:42.329 25658 25701 I BufferQueueConsumer: [](id:643a00000000,api:0,p:-1,c:25658) connect: controlledByApp=true
05-24 21:13:42.332 25658 25701 D ExtensionsLoader: createInstance(64bit) : createExtendedFactory
05-24 21:13:42.334 25658 25701 D ExtensionsLoader: Opened libSchedAssistExtImpl.so
05-24 21:13:42.334 25658 25701 E GoogleCameraLM: ofbOpen failed with error=No such file or directory
05-24 21:13:42.334 25658 25701 E GoogleCameraLM: sysOpen failed with error=No such file or directory
05-24 21:13:42.335 25658 25701 I SurfaceFactory: [static] sSurfaceFactory = com.mediatek.view.impl.SurfaceFactoryImpl@a65e99f
05-24 21:13:42.357 25658 25701 I BufferQueueConsumer: [](id:643a00000001,api:0,p:-1,c:25658) connect: controlledByApp=true
05-24 21:13:42.359 25658 25701 I BufferQueueConsumer: [](id:643a00000002,api:0,p:-1,c:25658) connect: controlledByApp=true
05-24 21:13:42.423 25658 25658 I DeezNuts: MSG: SLIDER 1 FOCUS: 1.0E-4
05-24 21:13:42.423 25658 25658 I ProReC  : setprogres0
05-24 21:13:42.426 25658 25658 I DeezNuts: MSG: SLIDER 0 IDX: 0
05-24 21:13:42.426 25658 25658 I ProReC  : setprogres_iso0
05-24 21:13:42.427 25658 25658 I za.defcomk.prorec.cust2.RotSeek: setprogres_iso0
05-24 21:13:42.433 25658 25658 D ScrollOptimizationHelper: can't find the config file for optimizaiton
05-24 21:13:42.433 25658 25658 D ScrollOptimizationHelper: will not debug for debug is false
05-24 21:13:42.433 25658 25658 D CompatibilityChangeReporter: Compat change id reported: 171228096; UID 10742; state: ENABLED
05-24 21:13:42.434 25658 25658 I oplus.android.OplusFrameworkFactoryImpl: get feature:IOplusDynamicVsyncFeature
05-24 21:13:42.435 25658 25658 I oplus.android.OplusFrameworkFactoryImpl: get feature:IOplusDynamicVsyncFeature
05-24 21:13:42.435 25658 25658 I oplus.android.OplusFrameworkFactoryImpl: get feature:IOplusDynamicVsyncFeature
05-24 21:13:42.441 25658 25707 D OplusCamera2StatisticsManager: addInfo, eventMap: {halLevel=3, cameraId=0, pkgName=com.google.android.GoogleCameraLMC, connentTime=1716563622440, apLevel=2}
05-24 21:13:42.446 25658 25658 I Quality : ActivityThread: viewInflate delay 199 com.google.android.GoogleCameraLMC:layout/options_menu_container 25658
05-24 21:13:42.468 25658 25658 I oplus.android.OplusFrameworkFactoryImpl: get feature:IOplusDynamicVsyncFeature
05-24 21:13:42.468 25658 25658 I oplus.android.OplusFrameworkFactoryImpl: get feature:IOplusDynamicVsyncFeature
05-24 21:13:42.468 25658 25658 I oplus.android.OplusFrameworkFactoryImpl: get feature:IOplusDynamicVsyncFeature
05-24 21:13:42.521 25658 25658 I Quality : ActivityThread: viewInflate delay 339 com.google.android.GoogleCameraLMC:layout/activity_main 25658
05-24 21:13:42.533 25658 25658 I Quality : ActivityThread: activityStart delay 758 com.google.android.GoogleCameraLMC 25658
05-24 21:13:42.551 25658 25708 I BufferQueueProducer: [ImageReader-960x720f22m11-25658-2](id:643a00000002,api:4,p:1272,c:25658) connect: api=4 producerControlledByApp=true
05-24 21:13:42.555 25658 25658 D OplusInputMethodUtil: init DEBUG to false, update DEBUG_IME to false
05-24 21:13:42.555 25658 25658 D OplusInputMethodUtil: init DEBUG to false, update DEBUG_IME to false
05-24 21:13:42.562 25658 25708 I BufferQueueProducer: [ImageReader-3264x2448f20m30-25658-0](id:643a00000000,api:4,p:1272,c:25658) connect: api=4 producerControlledByApp=false
05-24 21:13:42.564 25658 25708 I BufferQueueProducer: [ImageReader-1920x1080f23m52-25658-1](id:643a00000001,api:4,p:1272,c:25658) connect: api=4 producerControlledByApp=false
05-24 21:13:42.569 25658 25658 I MsyncFactory: [static] sMsyncFactory = com.mediatek.view.impl.MsyncFactoryImpl@aae7278
05-24 21:13:42.570 25658 25754 D OpenMsyncAppList: loadTunerAppList + 
05-24 21:13:42.572 25658 25754 D OpenMsyncAppList: loadTunerAppList - 
05-24 21:13:42.574 25658 25658 I OplusSlideAnimOptHelper: checkListMode: is blacklist mode = true
05-24 21:13:42.576 25658 25658 D OplusSlideAnimOptHelper: com.google.android.GoogleCameraLMC scrollEffectOpt enable = true
05-24 21:13:42.587 25658 25658 D WindowManager: Add to mViews: DecorView@41b8589[CameraLauncher],pkg= com.google.android.GoogleCameraLMC
05-24 21:13:42.597 25658 25688 D ExtensionsLoader: createInstance(64bit) : createExtendedFactory
05-24 21:13:42.602 25658 25688 D ExtensionsLoader: Opened libhwuiextimpl.so
05-24 21:13:42.602 25658 25658 D ExtensionsLoader: createInstance(64bit) : createExtendedFactory
05-24 21:13:42.603 25658 25658 D ExtensionsLoader: Opened libSchedAssistExtImpl.so
05-24 21:13:42.615 25658 25658 D ViewRootImpl[CameraLauncher]: hardware acceleration = true, sRendererEnabled = true, forceHwAccelerated = false
05-24 21:13:42.633 25658 25658 D libMEOW : meow new tls: 0x7e5c55c140
05-24 21:13:42.633 25658 25658 D libMEOW : applied 1 plugins for [com.google.android.GoogleCameraLMC]:
05-24 21:13:42.633 25658 25658 D libMEOW :   plugin 1: [libMEOW_gift.so]: 0xb400007ed6459940
05-24 21:13:42.633 25658 25658 D libMEOW : rebuild call chain: 0x7e5c56b9c0
05-24 21:13:42.635 25658 25658 I Quality : ActivityThread: activityResume delay 92 com.google.android.GoogleCameraLMC 25658
05-24 21:13:42.636 25658 25658 I Quality : ActivityThread: activityLifecycle delay 862 com.google.android.GoogleCameraLMC 25658
05-24 21:13:42.650 25658 25658 I PowerHalWrapper: PowerHalWrapper.getInstance 
05-24 21:13:42.653 25658 25658 I Quality : Skipped: false 2 cost 36.51672 refreshRate 16666667 processName com.google.android.GoogleCameraLMC
05-24 21:13:42.653 25658 25658 E ActivityThread: asyncReportFrames skippedFrames= 2 true
05-24 21:13:42.656 25658 25658 D ExtensionsLoader: createInstance(64bit) : createExtendedFactory
05-24 21:13:42.656 25658 25658 D ExtensionsLoader: Opened libSchedAssistExtImpl.so
05-24 21:13:42.663 25658 25683 E Parcel  : Reading a NULL string not supported here.
05-24 21:13:42.664 25658 25699 D CameraManager2: GotArray:0
05-24 21:13:42.664 25658 25699 D CameraManager2: GotArray:1
05-24 21:13:42.665 25658 25699 D CameraManager2: GotArray:2
05-24 21:13:42.665 25658 25699 D CameraManager2: GotArray:3
05-24 21:13:42.665 25658 25699 D CameraManager2: GotArray:4
05-24 21:13:42.665 25658 25699 D CameraManager2: GotArray:6
05-24 21:13:42.669 25658 25683 E Parcel  : Reading a NULL string not supported here.
05-24 21:13:42.714 25658 25658 I BufferQueueConsumer: [](id:643a00000003,api:0,p:-1,c:25658) connect: controlledByApp=false
05-24 21:13:42.717 25658 25658 I BLASTBufferQueue: [ViewRootImpl[CameraLauncher]#0] constructor()
05-24 21:13:42.719 25658 25658 V ZoomWindowDecorView: setLastReportedMergedConfiguration mZoomDisplayHeight: 1612 getDecorView.68912521
05-24 21:13:42.724 25658 25688 D libMEOW : meow new tls: 0x7e70f44a40
05-24 21:13:42.724 25658 25688 D libMEOW : applied 1 plugins for [com.google.android.GoogleCameraLMC]:
05-24 21:13:42.724 25658 25688 D libMEOW :   plugin 1: [libMEOW_gift.so]: 0xb400007ed6459940
05-24 21:13:42.724 25658 25688 D libMEOW : rebuild call chain: 0x7e70f54c80
05-24 21:13:42.734 25658 25688 E OpenGLRenderer: EglManager::makeCurrent mED = 0x1, surface = 0x0, mEC = 0x7e54816280, error = EGL_SUCCESS
05-24 21:13:42.752 25658 25688 I BufferQueueProducer: [ViewRootImpl[CameraLauncher]#0(BLAST Consumer)0](id:643a00000003,api:1,p:25658,c:25658) connect: api=1 producerControlledByApp=true
05-24 21:13:42.761 25658 25824 E ion     : ioctl c0044901 failed with code -1: Invalid argument
05-24 21:13:42.816 25658 25688 E OpenGLRenderer: fbcNotifyFrameComplete error: undefined symbol: fbcNotifyFrameComplete
05-24 21:13:42.816 25658 25688 E OpenGLRenderer: fbcNotifyNoRender error: undefined symbol: fbcNotifyNoRender
05-24 21:13:42.821 25658 25671 D SurfaceComposerClient: VRR [FRTC] client handle [bufferId:18446744073709551615 framenumber:0] [ffffffff, ffffffff]
05-24 21:13:42.826 25658 25682 V SystemSensorManagerExtImpl: RegisterListener ROTATION_VECTOR type:11 delay:200000us by hpi
05-24 21:13:42.826 25658 25682 E Parcel  : Reading a NULL string not supported here.
05-24 21:13:42.829 25658 25658 W CAM_A   : Was already registered as ThermalStatusListener on AppStart
05-24 21:13:42.960 25658 25658 I Quality : ActivityThread: viewInflate delay 130 com.google.android.GoogleCameraLMC:layout/camera 25658
05-24 21:13:44.327 25658 25687 I Quality : stackInfo :----- pid 25658 at 2024-05-24 21:13:44.325 -----;Cmd line: com.google.android.GoogleCameraLMC;"main" prio=5 tid=2 BLOCKED sysTid=25658;  at pyr.get(Unknown Source:6);  at pyq.get(Unknown Source:4);  at btj.d(Unknown Source:15);  at btj.a(Unknown Source:0);  at cak.run(Unknown Source:2);  at bwx.run(Unknown Source:82);  at android.os.Handler.handleCallback(Handler.java:938);  at android.os.Handler.dispatchMessage(Handler.java:99);  at android.os.Looper.loopOnce(Looper.java:233);  at android.os.Looper.loop(Looper.java:344);  at android.app.ActivityThread.main(ActivityThread.java:8249);  at java.lang.reflect.Method.invoke(Native Method);  at com.android.internal.os.RuntimeInit$MethodAndArgsCaller.run(RuntimeInit.java:589);  at com.android.internal.os.ZygoteInit.main(ZygoteInit.java:1071);
05-24 21:13:45.103 25658 25658 W GcaGeneric-1: type=1400 audit(0.0:15039): avc: granted { execute } for path="/data/user/0/com.google.android.GoogleCameraLMC/files/libpatched_jni.so" dev="dm-33" ino=1296126 scontext=u:r:untrusted_app_29:s0:c230,c258,c512,c768 tcontext=u:object_r:app_data_file:s0:c230,c258,c512,c768 tclass=file app=com.google.android.GoogleCameraLMC
05-24 21:13:45.151 25658 25658 W CriticalPath: type=1400 audit(0.0:15040): avc: granted { execute } for path="/data/user/0/com.google.android.GoogleCameraLMC/files/libpatched_jni.so" dev="dm-33" ino=1296126 scontext=u:r:untrusted_app_29:s0:c230,c258,c512,c768 tcontext=u:object_r:app_data_file:s0:c230,c258,c512,c768 tclass=file app=com.google.android.GoogleCameraLMC
05-24 21:13:45.151 25658 25658 W GcaGeneric-1: type=1400 audit(0.0:15041): avc: granted { execute } for path="/data/user/0/com.google.android.GoogleCameraLMC/files/libpatched_jni.so" dev="dm-33" ino=1296126 scontext=u:r:untrusted_app_29:s0:c230,c258,c512,c768 tcontext=u:object_r:app_data_file:s0:c230,c258,c512,c768 tclass=file app=com.google.android.GoogleCameraLMC
05-24 21:13:45.155 25658 25658 W 00UiWorker: type=1400 audit(0.0:15042): avc: granted { execute } for path="/data/user/0/com.google.android.GoogleCameraLMC/files/libpatched_jni.so" dev="dm-33" ino=1296126 scontext=u:r:untrusted_app_29:s0:c230,c258,c512,c768 tcontext=u:object_r:app_data_file:s0:c230,c258,c512,c768 tclass=file app=com.google.android.GoogleCameraLMC
05-24 21:13:45.159 25658 25658 W GcaGeneric-1: type=1400 audit(0.0:15043): avc: granted { execute } for path="/data/user/0/com.google.android.GoogleCameraLMC/files/libpatched_jni.so" dev="dm-33" ino=1296126 scontext=u:r:untrusted_app_29:s0:c230,c258,c512,c768 tcontext=u:object_r:app_data_file:s0:c230,c258,c512,c768 tclass=file app=com.google.android.GoogleCameraLMC
05-24 21:13:45.172 25658 25699 D CameraManager2: GotArray:0
05-24 21:13:45.172 25658 25699 D CameraManager2: GotArray:1
05-24 21:13:45.172 25658 25699 D CameraManager2: GotArray:2
05-24 21:13:45.172 25658 25699 D CameraManager2: GotArray:3
05-24 21:13:45.172 25658 25699 D CameraManager2: GotArray:4
05-24 21:13:45.172 25658 25699 D CameraManager2: GotArray:6
05-24 21:13:45.189 25658 25699 W pkr     : EEPROM_WB_CALIB is not available
05-24 21:13:45.251 25658 25699 D CameraManager2: GotArray:0
05-24 21:13:45.251 25658 25699 D CameraManager2: GotArray:1
05-24 21:13:45.251 25658 25699 D CameraManager2: GotArray:2
05-24 21:13:45.251 25658 25699 D CameraManager2: GotArray:3
05-24 21:13:45.251 25658 25699 D CameraManager2: GotArray:4
05-24 21:13:45.251 25658 25699 D CameraManager2: GotArray:6
05-24 21:13:45.259 25658 25699 W pkr     : EEPROM_WB_CALIB is not available
05-24 21:13:45.377 25658 25658 W CAM_A   : MicInput reset to Phone
05-24 21:13:45.382 25658 25658 W FontsContract: Platform version of downloadable fonts is deprecated. Please use androidx version instead.
05-24 21:13:45.458 25658 25701 W CAM_A   : UI view not yet initialized
05-24 21:13:45.506 25658 25658 D CameraManager2: GotArray:0
05-24 21:13:45.506 25658 25658 D CameraManager2: GotArray:1
05-24 21:13:45.506 25658 25658 D CameraManager2: GotArray:2
05-24 21:13:45.506 25658 25658 D CameraManager2: GotArray:3
05-24 21:13:45.506 25658 25658 D CameraManager2: GotArray:4
05-24 21:13:45.506 25658 25658 D CameraManager2: GotArray:6
05-24 21:13:45.516 25658 25658 D CameraManager2: GotArray:0
05-24 21:13:45.516 25658 25658 D CameraManager2: GotArray:1
05-24 21:13:45.516 25658 25658 D CameraManager2: GotArray:2
05-24 21:13:45.516 25658 25658 D CameraManager2: GotArray:3
05-24 21:13:45.516 25658 25658 D CameraManager2: GotArray:4
05-24 21:13:45.516 25658 25658 D CameraManager2: GotArray:6
05-24 21:13:45.525 25658 25658 D CameraManager2: GotArray:0
05-24 21:13:45.525 25658 25658 D CameraManager2: GotArray:1
05-24 21:13:45.525 25658 25658 D CameraManager2: GotArray:2
05-24 21:13:45.525 25658 25658 D CameraManager2: GotArray:3
05-24 21:13:45.525 25658 25658 D CameraManager2: GotArray:4
05-24 21:13:45.525 25658 25658 D CameraManager2: GotArray:6
05-24 21:13:45.535 25658 25658 D CameraManager2: GotArray:0
05-24 21:13:45.535 25658 25658 D CameraManager2: GotArray:1
05-24 21:13:45.535 25658 25658 D CameraManager2: GotArray:2
05-24 21:13:45.535 25658 25658 D CameraManager2: GotArray:3
05-24 21:13:45.535 25658 25658 D CameraManager2: GotArray:4
05-24 21:13:45.535 25658 25658 D CameraManager2: GotArray:6
05-24 21:13:45.581 25658 25840 W CAM_A   : BufferFlinger is not available. Aborting display.
05-24 21:13:45.647 25658 25840 W CAM_A   : BufferFlinger is not available. Aborting display.
05-24 21:13:45.686 25658 25715 W CameraMetadataJV: Expect face scores and rectangles to be non-null
05-24 21:13:45.690 25658 25715 W CameraMetadataJV: Expect face scores and rectangles to be non-null
05-24 21:13:45.691 25658 25715 W CAM_A   : UNINITIALIZED > abs Δ(result sensor timestamp) = 100.12 ms > 70.00 ms
05-24 21:13:45.692 25658 25715 W CAM_A   : UNINITIALIZED > result sensor delay = 1.50 > 1.10
05-24 21:13:45.705 25658 25658 D CameraManager2: GotArray:0
05-24 21:13:45.705 25658 25658 D CameraManager2: GotArray:1
05-24 21:13:45.705 25658 25658 D CameraManager2: GotArray:2
05-24 21:13:45.705 25658 25658 D CameraManager2: GotArray:3
05-24 21:13:45.705 25658 25658 D CameraManager2: GotArray:4
05-24 21:13:45.705 25658 25658 D CameraManager2: GotArray:6
05-24 21:13:45.719 25658 25840 W CAM_A   : BufferFlinger is not available. Aborting display.
05-24 21:13:45.758 25658 25658 D CameraManager2: GotArray:0
05-24 21:13:45.758 25658 25658 D CameraManager2: GotArray:1
05-24 21:13:45.758 25658 25658 D CameraManager2: GotArray:2
05-24 21:13:45.758 25658 25658 D CameraManager2: GotArray:3
05-24 21:13:45.758 25658 25658 D CameraManager2: GotArray:4
05-24 21:13:45.758 25658 25658 D CameraManager2: GotArray:6
05-24 21:13:45.764 25658 25658 D CameraManager2: GotArray:0
05-24 21:13:45.764 25658 25658 D CameraManager2: GotArray:1
05-24 21:13:45.764 25658 25658 D CameraManager2: GotArray:2
05-24 21:13:45.764 25658 25658 D CameraManager2: GotArray:3
05-24 21:13:45.764 25658 25658 D CameraManager2: GotArray:4
05-24 21:13:45.764 25658 25658 D CameraManager2: GotArray:6
05-24 21:13:45.774 25658 25658 D CameraManager2: GotArray:0
05-24 21:13:45.774 25658 25658 D CameraManager2: GotArray:1
05-24 21:13:45.774 25658 25658 D CameraManager2: GotArray:2
05-24 21:13:45.774 25658 25658 D CameraManager2: GotArray:3
05-24 21:13:45.774 25658 25658 D CameraManager2: GotArray:4
05-24 21:13:45.774 25658 25658 D CameraManager2: GotArray:6
05-24 21:13:45.775 25658 25840 W CAM_A   : BufferFlinger is not available. Aborting display.
05-24 21:13:45.779 25658 25658 D CameraManager2: GotArray:0
05-24 21:13:45.779 25658 25658 D CameraManager2: GotArray:1
05-24 21:13:45.779 25658 25658 D CameraManager2: GotArray:2
05-24 21:13:45.779 25658 25658 D CameraManager2: GotArray:3
05-24 21:13:45.779 25658 25658 D CameraManager2: GotArray:4
05-24 21:13:45.779 25658 25658 D CameraManager2: GotArray:6
05-24 21:13:45.796 25658 25715 W CameraMetadataJV: Expect face scores and rectangles to be non-null
05-24 21:13:45.797 25658 25715 W CAM_A   : UNINITIALIZED > abs Δ(result sensor timestamp) = 75.11 ms > 70.00 ms
05-24 21:13:45.797 25658 25715 W CAM_A   : UNINITIALIZED > result sensor delay = 1.28 > 1.10
05-24 21:13:45.829 25658 25687 I Quality : stackInfo :----- pid 25658 at 2024-05-24 21:13:45.827 -----;Cmd line: com.google.android.GoogleCameraLMC;"main" prio=5 tid=2 RUNNABLE sysTid=25658;  at android.graphics.Paint.nGetTextAdvances(Native Method);  at android.graphics.Paint.measureText(Paint.java:2290);  at android.graphics.Paint.measureText(Paint.java:2311);  at jom.<init>(Unknown Source:251);  at fwl.d(Unknown Source:39);  at fwl.<init>(Unknown Source:5);  at bqr.get(Unknown Source:260);  at pyr.get(Unknown Source:13);  at exj.get(Unknown Source:402);  at pyr.get(Unknown Source:13);  at pyq.get(Unknown Source:4);  at eur.D(Unknown Source:87);  at eur.v(Unknown Source:439);  at btj.d(Unknown Source:26);  at btj.a(Unknown Source:0);  at cak.run(Unknown Source:2);  at bwx.run(Unknown Source:82);  at android.os.Handler.handleCallback(Handler.java:938);  at android.os.Handler.dispatchMessage(Handler.java:99);  at android.os.Looper.loopOnce(Looper.java:233);  at android.os.Looper.loop(Looper.java:344);  at android.app.ActivityThread.main(ActivityThread.java:8249);  at java.lang.reflect.Method.invoke(Native Method);  at com.android.internal.os.RuntimeInit$MethodAndArgsCaller.run(RuntimeInit.java:589);  at com.android.internal.os.ZygoteInit.main(ZygoteInit.java:1071);
05-24 21:13:45.830 25658 25840 W CAM_A   : BufferFlinger is not available. Aborting display.
05-24 21:13:45.860 25658 25685 I tflite  : Initialized TensorFlow Lite runtime.
05-24 21:13:45.873 25658 25715 W CameraMetadataJV: Expect face scores and rectangles to be non-null
05-24 21:13:45.879 25658 25715 W CAM_A   : UNINITIALIZED > result sensor delay = 1.34 > 1.10
05-24 21:13:45.883 25658 25658 W CAM_A   : ModeSwitcher WAS ALREADY ENABLED!
05-24 21:13:45.888 25658 25715 W CameraMetadataJV: Expect face scores and rectangles to be non-null
05-24 21:13:45.890 25658 25840 W CAM_A   : BufferFlinger is not available. Aborting display.
05-24 21:13:45.894 25658 25715 W CameraMetadataJV: Expect face scores and rectangles to be non-null
05-24 21:13:45.895 25658 25658 D CameraManager2: GotArray:0
05-24 21:13:45.895 25658 25658 D CameraManager2: GotArray:1
05-24 21:13:45.895 25658 25658 D CameraManager2: GotArray:2
05-24 21:13:45.895 25658 25658 D CameraManager2: GotArray:3
05-24 21:13:45.895 25658 25658 D CameraManager2: GotArray:4
05-24 21:13:45.895 25658 25658 D CameraManager2: GotArray:6
05-24 21:13:45.898 25658 25852 D libMEOW : meow new tls: 0x7e5015eb00
05-24 21:13:45.898 25658 25852 D libMEOW : applied 1 plugins for [com.google.android.GoogleCameraLMC]:
05-24 21:13:45.899 25658 25852 D libMEOW :   plugin 1: [libMEOW_gift.so]: 0xb400007ed6459940
05-24 21:13:45.899 25658 25852 D libMEOW : rebuild call chain: 0x7e5016d500
05-24 21:13:45.901 25658 25658 D CameraManager2: GotArray:0
05-24 21:13:45.901 25658 25658 D CameraManager2: GotArray:1
05-24 21:13:45.901 25658 25658 D CameraManager2: GotArray:2
05-24 21:13:45.901 25658 25658 D CameraManager2: GotArray:3
05-24 21:13:45.901 25658 25658 D CameraManager2: GotArray:4
05-24 21:13:45.901 25658 25658 D CameraManager2: GotArray:6
05-24 21:13:45.909 25658 25854 D libMEOW : meow new tls: 0x7e3759a0c0
05-24 21:13:45.909 25658 25685 W libc    : Access denied finding property "ro.hardware.chipname"
05-24 21:13:45.910 25658 25854 D libMEOW : applied 1 plugins for [com.google.android.GoogleCameraLMC]:
05-24 21:13:45.910 25658 25854 D libMEOW :   plugin 1: [libMEOW_gift.so]: 0xb400007ed6459940
05-24 21:13:45.911 25658 25854 D libMEOW : rebuild call chain: 0x7e375b3540
05-24 21:13:45.912 25658 25658 D CameraManager2: GotArray:0
05-24 21:13:45.912 25658 25658 D CameraManager2: GotArray:1
05-24 21:13:45.912 25658 25658 D CameraManager2: GotArray:2
05-24 21:13:45.912 25658 25658 D CameraManager2: GotArray:3
05-24 21:13:45.912 25658 25658 D CameraManager2: GotArray:4
05-24 21:13:45.912 25658 25658 D CameraManager2: GotArray:6
05-24 21:13:45.921 25658 25855 D libMEOW : meow new tls: 0x7e4fc5bd80
05-24 21:13:45.921 25658 25855 D libMEOW : applied 1 plugins for [com.google.android.GoogleCameraLMC]:
05-24 21:13:45.921 25658 25855 D libMEOW :   plugin 1: [libMEOW_gift.so]: 0xb400007ed6459940
05-24 21:13:45.922 25658 25855 D libMEOW : rebuild call chain: 0x7e4fc6a3c0
05-24 21:13:45.925 25658 25852 D libMEOW : meow delete tls: 0x7e5015eb00
05-24 21:13:45.928 25658 25685 I tflite  : Created TensorFlow Lite XNNPACK delegate for CPU.
05-24 21:13:45.929 25658 25854 E native  : E0524 21:13:45.928266   25854 resource_util_android.cc:65] generic::internal: RET_CHECK failure (third_party/mediapipe/util/resource_util_android.cc:65) Singleton<AssetManager>::get()->ReadFile(path, output) could not read asset: research/vision/loco/video/models/siamese_fcpp/mobile/model_21086792_30/siamese_fe.tflite
05-24 21:13:45.929 25658 25854 E native  : Stack trace:
05-24 21:13:45.929 25658 25854 E native  : 
05-24 21:13:45.929 25658 25685 I tflite  : Replacing 5 node(s) with delegate (TfLiteXNNPackDelegate) node, yielding 1 partitions.
05-24 21:13:45.929 25658 25854 E native  : E0524 21:13:45.929257   25854 asset_manager_util.cc:166] generic::internal: RET_CHECK failure (third_party/mediapipe/util/android/asset_manager_util.cc:166) ReadFile(asset_path, &asset_data) could not read asset: research/vision/loco/video/models/siamese_fcpp/mobile/model_21086792_30/siamese_fe.tflite
05-24 21:13:45.929 25658 25854 E native  : Stack trace:
05-24 21:13:45.929 25658 25854 E native  : 
05-24 21:13:45.947 25658 25854 I tflite  : Initialized TensorFlow Lite runtime.
05-24 21:13:45.948 25658 25854 I tflite  : Replacing 26 node(s) with delegate (unknown) node, yielding 1 partitions.
05-24 21:13:45.950 25658 25697 D ListServiceUtils: mListServiceUtils::init CallingPid 25658
05-24 21:13:45.952 25658 25697 D ListServiceUtils: mListServiceUtils::init this 0x7e50010600
05-24 21:13:45.952 25658 25697 V ListServiceUtils: checkInListByUid start module:custom-icc uid:10742  time 74803461863us
05-24 21:13:45.953 25658 25697 V ListServiceUtils: checkInListByUid end module:custom-icc uid:10742  time 74803462473us
05-24 21:13:45.953 25658 25697 D ListServiceUtils: checkInListByUid module:custom-icc uid:10742 cost 609us return 0
05-24 21:13:45.954 25658 25854 I tflite  : Replacing 26 node(s) with delegate (unknown) node, yielding 1 partitions.
05-24 21:13:45.956 25658 25697 V ListServiceUtils: checkInListByUid module:image-processing uid:10742 cost 2564us return (null)
05-24 21:13:45.956 25658 25697 E ListServiceUtils: checkInListByUid module:image-processing uid:10742 cost 2564us return (null)
05-24 21:13:45.956 25658 25697 V JpegEncoderExtImpl: Resolution: 324 x 243,support: 0;
05-24 21:13:45.992 25658 25658 E ANR_LOG : >>> msg's executing time is too long
05-24 21:13:45.993 25658 25658 E ANR_LOG : Blocked msg = { when=-3s335ms what=0 target=android.os.Handler callback=bwx } , cost  = 3167 ms
05-24 21:13:45.993 25658 25658 E ANR_LOG : >>>Current msg List is:
05-24 21:13:45.993 25658 25658 E ANR_LOG : Current msg <1> = { when=-20h46m43s501ms what=0 target=android.view.ViewRootImpl$ViewRootHandler callback=android.view.View$$ExternalSyntheticLambda3 }
05-24 21:13:45.993 25658 25658 E ANR_LOG : Current msg <2> = { when=-20h46m43s501ms what=0 target=android.view.ViewRootImpl$ViewRootHandler callback=android.view.View$$ExternalSyntheticLambda3 }
05-24 21:13:45.993 25658 25658 E ANR_LOG : Current msg <3> = { when=-20h46m43s501ms what=0 target=android.view.ViewRootImpl$ViewRootHandler callback=android.view.View$$ExternalSyntheticLambda3 }
05-24 21:13:45.993 25658 25658 E ANR_LOG : Current msg <4> = { when=-20h46m43s501ms what=0 target=android.view.ViewRootImpl$ViewRootHandler callback=android.view.View$$ExternalSyntheticLambda3 }
05-24 21:13:45.993 25658 25658 E ANR_LOG : Current msg <5> = { when=-3s335ms what=0 target=android.os.Handler callback=bwx }
05-24 21:13:45.993 25658 25658 E ANR_LOG : Current msg <6> = { when=-3s335ms what=0 target=android.os.Handler callback=bwx }
05-24 21:13:45.993 25658 25658 E ANR_LOG : Current msg <7> = { when=-3s335ms what=0 target=android.os.Handler callback=bwx }
05-24 21:13:45.993 25658 25658 E ANR_LOG : Current msg <8> = { when=-3s335ms what=0 target=android.os.Handler callback=bwx }
05-24 21:13:45.993 25658 25658 E ANR_LOG : Current msg <9> = { when=-3s335ms what=0 target=android.os.Handler callback=bwx }
05-24 21:13:45.993 25658 25658 E ANR_LOG : Current msg <10> = { when=-3s335ms what=0 target=android.os.Handler callback=bwx }
05-24 21:13:45.993 25658 25658 E ANR_LOG : >>>CURRENT MSG DUMP OVER<<<
05-24 21:13:45.995 25658 25686 I Quality : Blocked msg = Package name: com.google.android.GoogleCameraLMC [ schedGroup: 5 schedPolicy: 0 ] process the message: { when=-3s336ms what=0 target=android.os.Handler callback=bwx } took 3168 ms
05-24 21:13:45.998 25658 25682 V SystemSensorManagerExtImpl: unRegisterListener by hpi and its name is ROTATION_VECTOR
05-24 21:13:46.000 25658 25658 E Parcel  : Reading a NULL string not supported here.
05-24 21:13:46.002 25658 25658 I Choreographer: Skipped 200 frames!  The application may be doing too much work on its main thread.
05-24 21:13:46.002 25658 25658 I Quality : Skipped: false 200 cost 3335.603 refreshRate 16666667 processName com.google.android.GoogleCameraLMC
05-24 21:13:46.002 25658 25658 E ActivityThread: asyncReportFrames skippedFrames= 200 true
05-24 21:13:46.080 25658 25840 W CAM_A   : BufferFlinger is not available. Aborting display.
05-24 21:13:46.103 25658 25715 W CameraMetadataJV: Expect face scores and rectangles to be non-null
05-24 21:13:46.111 25658 25715 W CAM_A   : UNINITIALIZED > abs Δ(result sensor timestamp) = 175.39 ms > 70.00 ms
05-24 21:13:46.112 25658 25715 W CAM_A   : UNINITIALIZED > rel Δ(result sensor timestamp) = 2.50 > 0.25
05-24 21:13:46.112 25658 25715 W CAM_A   : UNINITIALIZED > result sensor delay = 3.00 > 1.10
05-24 21:13:46.139 25658 25658 I DeezNuts: MSG: SLIDER 1 FOCUS: 1.0E-4
05-24 21:13:46.139 25658 25658 I ProReC  : setprogres0
05-24 21:13:46.139 25658 25658 I DeezNuts: MSG: SLIDER 0 IDX: 0
05-24 21:13:46.139 25658 25658 I ProReC  : setprogres_iso0
05-24 21:13:46.140 25658 25658 I za.defcomk.prorec.cust2.RotSeek: setprogres_iso0
05-24 21:13:46.143 25658 25840 W CAM_A   : BufferFlinger is not available. Aborting display.
05-24 21:13:46.144 25658 25658 W View    : requestLayout() improperly called by com.google.android.material.button.MaterialButton{88347f8 VFED..C.. ......I. 0,0-0,0 #7f0b000b app:id/AuxButtonMain} during layout: running second layout pass
05-24 21:13:46.144 25658 25658 W View    : requestLayout() improperly called by com.google.android.material.button.MaterialButton{1a364d1 VFED..C.. ......I. 0,0-0,0 #7f0b0032 app:id/AuxButtonTele} during layout: running second layout pass
05-24 21:13:46.144 25658 25658 W View    : requestLayout() improperly called by com.google.android.material.button.MaterialButton{5efcb36 VFED..C.. ......I. 0,0-0,0 #7f0b0033 app:id/AuxButtonWide} during layout: running second layout pass
05-24 21:13:46.157 25658 25685 I Manager : DeviceManager::DeviceManager
05-24 21:13:46.160 25658 25685 I Manager : findAvailableDevices
05-24 21:13:46.187 25658 25715 W CameraMetadataJV: Expect face scores and rectangles to be non-null
05-24 21:13:46.189 25658 25715 W CAM_A   : UNINITIALIZED > rel Δ(result sensor timestamp) = 0.67 > 0.25
05-24 21:13:46.208 25658 25685 I tflite  : Created TensorFlow Lite delegate for NNAPI.
05-24 21:13:46.211 25658 25685 I acceleration: ModifyGraphWithDelegate model namespace: unknown_namespace model id: unknown_model_id accelerator name: NNAPI:
05-24 21:13:46.218 25658 25658 I BufferQueueConsumer: [](id:643a00000004,api:0,p:-1,c:25658) connect: controlledByApp=false
05-24 21:13:46.219 25658 25658 I BLASTBufferQueue: [SurfaceView[com.google.android.GoogleCameraLMC/com.android.camera.CameraLauncher]#1] constructor()
05-24 21:13:46.257 25658 25699 V SystemSensorManagerExtImpl: RegisterListener sc7a20 ACCELEROMETER type:1 delay:200000us by android.view.OrientationEventListener$SensorEventListenerImpl
05-24 21:13:46.257 25658 25699 E Parcel  : Reading a NULL string not supported here.
05-24 21:13:46.328 25658 25840 W CAM_A   : BufferFlinger is not available. Aborting display.
05-24 21:13:46.354 25658 25715 W CameraMetadataJV: Expect face scores and rectangles to be non-null
05-24 21:13:46.357 25658 25715 W CAM_A   : UNINITIALIZED > abs Δ(result sensor timestamp) = 200.35 ms > 70.00 ms
05-24 21:13:46.363 25658 25715 W CAM_A   : UNINITIALIZED > rel Δ(result sensor timestamp) = 2.43 > 0.25
05-24 21:13:46.364 25658 25715 W CAM_A   : UNINITIALIZED > result sensor delay = 3.00 > 1.10
05-24 21:13:46.368 25658 25822 I OpenGLRenderer: Davey! duration=3676ms; Flags=0, FrameTimelineVsyncId=4089861, IntendedVsync=74800175574684, Vsync=74803508908084, InputEventId=0, HandleInputStart=74803511850380, AnimationStart=74803511852534, PerformTraversalsStart=74803512564611, DrawStart=74803738690380, FrameDeadline=74800212241351, FrameInterval=74803511177534, FrameStartTime=16666667, SyncQueued=74803778138380, SyncStart=74803778287303, IssueDrawCommandsStart=74803785572611, SwapBuffers=74803847498688, FrameCompleted=74803851846380, DequeueBufferDuration=5299692, QueueBufferDuration=3173538, GpuCompleted=74803851468919, SwapBuffersCompleted=74803851846380, DisplayPresentTime=0, 
05-24 21:13:46.374 25658 25682 W ProtoDataStoreFlagStore: Unable to retrieve flag snapshot for com.google.android.libraries.performance.primes#com.google.android.GoogleCameraLMC, using defaults.
05-24 21:13:46.475 25658 25840 W CAM_A   : BufferFlinger is not available. Aborting display.
05-24 21:13:46.479 25658 25715 W CameraMetadataJV: Expect face scores and rectangles to be non-null
05-24 21:13:46.481 25658 25715 W CAM_A   : UNINITIALIZED > abs Δ(result sensor timestamp) = 133.56 ms > 70.00 ms
05-24 21:13:46.481 25658 25715 W CAM_A   : UNINITIALIZED > rel Δ(result sensor timestamp) = 0.33 > 0.25
05-24 21:13:46.482 25658 25715 W CAM_A   : UNINITIALIZED > result sensor delay = 1.78 > 1.10
05-24 21:13:46.622 25658 25840 W CAM_A   : BufferFlinger is not available. Aborting display.
05-24 21:13:46.639 25658 25715 W CameraMetadataJV: Expect face scores and rectangles to be non-null
05-24 21:13:46.640 25658 25715 W CAM_A   : UNINITIALIZED > abs Δ(result sensor timestamp) = 150.24 ms > 70.00 ms
05-24 21:13:46.641 25658 25715 W CAM_A   : UNINITIALIZED > result sensor delay = 2.00 > 1.10
05-24 21:13:46.775 25658 25840 W CAM_A   : BufferFlinger is not available. Aborting display.
05-24 21:13:46.819 25658 25658 W GcaGeneric-1: type=1400 audit(0.0:15053): avc: granted { execute } for path="/data/user/0/com.google.android.GoogleCameraLMC/files/libpatched_jni.so" dev="dm-33" ino=1296126 scontext=u:r:untrusted_app_29:s0:c230,c258,c512,c768 tcontext=u:object_r:app_data_file:s0:c230,c258,c512,c768 tclass=file app=com.google.android.GoogleCameraLMC
05-24 21:13:46.823 25658 25658 W GoogleCameraLMC: type=1400 audit(0.0:15054): avc: granted { execute } for path="/data/user/0/com.google.android.GoogleCameraLMC/files/libpatched_jni.so" dev="dm-33" ino=1296126 scontext=u:r:untrusted_app_29:s0:c230,c258,c512,c768 tcontext=u:object_r:app_data_file:s0:c230,c258,c512,c768 tclass=file app=com.google.android.GoogleCameraLMC
05-24 21:13:46.831 25658 25658 W GoogleCameraLMC: type=1400 audit(0.0:15055): avc: granted { execute } for path="/data/user/0/com.google.android.GoogleCameraLMC/files/libpatched_jni.so" dev="dm-33" ino=1296126 scontext=u:r:untrusted_app_29:s0:c230,c258,c512,c768 tcontext=u:object_r:app_data_file:s0:c230,c258,c512,c768 tclass=file app=com.google.android.GoogleCameraLMC
05-24 21:13:46.839 25658 25685 W CAM_CameraDeviceVerifie: Tag CameraDeviceVerifier is 1 chars longer than limit.
05-24 21:13:46.835 25658 25658 W 00UiWorker: type=1400 audit(0.0:15056): avc: granted { execute } for path="/data/user/0/com.google.android.GoogleCameraLMC/files/libpatched_jni.so" dev="dm-33" ino=1296126 scontext=u:r:untrusted_app_29:s0:c230,c258,c512,c768 tcontext=u:object_r:app_data_file:s0:c230,c258,c512,c768 tclass=file app=com.google.android.GoogleCameraLMC
05-24 21:13:46.843 25658 25685 D CameraManager2: GotArray:0
05-24 21:13:46.843 25658 25685 D CameraManager2: GotArray:1
05-24 21:13:46.843 25658 25685 D CameraManager2: GotArray:2
05-24 21:13:46.844 25658 25685 D CameraManager2: GotArray:3
05-24 21:13:46.844 25658 25685 D CameraManager2: GotArray:4
05-24 21:13:46.844 25658 25685 D CameraManager2: GotArray:6
05-24 21:13:46.849 25658 25701 D CameraManager2: GotArray:0
05-24 21:13:46.850 25658 25701 D CameraManager2: GotArray:1
05-24 21:13:46.850 25658 25701 D CameraManager2: GotArray:2
05-24 21:13:46.850 25658 25701 D CameraManager2: GotArray:3
05-24 21:13:46.850 25658 25701 D CameraManager2: GotArray:4
05-24 21:13:46.850 25658 25701 D CameraManager2: GotArray:6
05-24 21:13:46.851 25658 25715 W CameraMetadataJV: Expect face scores and rectangles to be non-null
05-24 21:13:46.852 25658 25715 W CAM_A   : UNINITIALIZED > abs Δ(result sensor timestamp) = 150.23 ms > 70.00 ms
05-24 21:13:46.859 25658 25658 W 00UiWorker: type=1400 audit(0.0:15057): avc: granted { execute } for path="/data/user/0/com.google.android.GoogleCameraLMC/files/libpatched_jni.so" dev="dm-33" ino=1296126 scontext=u:r:untrusted_app_29:s0:c230,c258,c512,c768 tcontext=u:object_r:app_data_file:s0:c230,c258,c512,c768 tclass=file app=com.google.android.GoogleCameraLMC
05-24 21:13:46.853 25658 25715 W CAM_A   : UNINITIALIZED > result sensor delay = 2.00 > 1.10
05-24 21:13:46.873 25658 25854 D OPENCL_ICD_LOADER: initCLTraceLevel sCLTraceLevel = 0
05-24 21:13:46.874 25658 25854 D OPENCL_ICD_LOADER: initCLTraceLevel CL_TARGET_OPENCL_VERSION = 300
05-24 21:13:46.882 25658 25658 D CameraManager2: GotArray:0
05-24 21:13:46.882 25658 25658 D CameraManager2: GotArray:1
05-24 21:13:46.882 25658 25658 D CameraManager2: GotArray:2
05-24 21:13:46.882 25658 25658 D CameraManager2: GotArray:3
05-24 21:13:46.882 25658 25658 D CameraManager2: GotArray:4
05-24 21:13:46.882 25658 25658 D CameraManager2: GotArray:6
05-24 21:13:46.890 25658 25658 W CAM_A   : ModeSwitcher WAS ALREADY ENABLED!
05-24 21:13:46.943 25658 25658 I Choreographer: Skipped 55 frames!  The application may be doing too much work on its main thread.
05-24 21:13:46.943 25658 25658 I Quality : Skipped: false 55 cost 925.924 refreshRate 16666667 processName com.google.android.GoogleCameraLMC
05-24 21:13:46.943 25658 25658 E ActivityThread: asyncReportFrames skippedFrames= 55 true
05-24 21:13:46.970 25658 25715 W CameraMetadataJV: Expect face scores and rectangles to be non-null
05-24 21:13:46.972 25658 25715 W CAM_A   : UNINITIALIZED > abs Δ(result sensor timestamp) = 150.23 ms > 70.00 ms
05-24 21:13:46.973 25658 25715 W CAM_A   : UNINITIALIZED > result sensor delay = 2.00 > 1.10
05-24 21:13:47.015 25658 25671 I OpenGLRenderer: Davey! duration=989ms; Flags=0, FrameTimelineVsyncId=4090114, IntendedVsync=74803526922977, Vsync=74804443589662, InputEventId=0, HandleInputStart=74804453149226, AnimationStart=74804453152303, PerformTraversalsStart=74804454700303, DrawStart=74804471722380, FrameDeadline=74803563589644, FrameInterval=74804452846996, FrameStartTime=16666667, SyncQueued=74804484102996, SyncStart=74804484239072, IssueDrawCommandsStart=74804496094457, SwapBuffers=74804513954688, FrameCompleted=74804516653842, DequeueBufferDuration=11930385, QueueBufferDuration=1833539, GpuCompleted=74804516653842, SwapBuffersCompleted=74804516653842, DisplayPresentTime=0, 
05-24 21:13:47.069 25658 25658 I Quality : Skipped: false 7 cost 117.77836 refreshRate 16666667 processName com.google.android.GoogleCameraLMC
05-24 21:13:47.069 25658 25658 E ActivityThread: asyncReportFrames skippedFrames= 7 true
05-24 21:13:47.101 25658 25683 E Parcel  : Reading a NULL string not supported here.
05-24 21:13:47.142 25658 25658 I Quality : Skipped: false 3 cost 57.1962 refreshRate 16666667 processName com.google.android.GoogleCameraLMC
05-24 21:13:47.142 25658 25658 E ActivityThread: asyncReportFrames skippedFrames= 3 true
05-24 21:13:47.156 25658 25685 W CAM_A   : Extractor (frame) of type feature.acmi.imu.frame-straightness depends on foreign type feature.acmi.imu.camera-orientation! Feature values may be calculated out of order!
05-24 21:13:47.157 25658 25685 W CAM_A   : Extractor (frame) of type feature.acmi.imu.frame-straightness depends on foreign type feature.acmi.imu.camera-orientation! Feature values may be calculated out of order!
05-24 21:13:47.157 25658 25685 V SystemSensorManagerExtImpl: RegisterListener oem-pseudo-gyro type:4 delay:0us by lxf
05-24 21:13:47.157 25658 25685 E Parcel  : Reading a NULL string not supported here.
05-24 21:13:47.205 25658 25685 V SystemSensorManagerExtImpl: RegisterListener sc7a20 ACCELEROMETER type:1 delay:200000us by ftr
05-24 21:13:47.206 25658 25685 E Parcel  : Reading a NULL string not supported here.
05-24 21:13:47.221 25658 25685 V SystemSensorManagerExtImpl: RegisterListener oem-pseudo-gyro type:4 delay:200000us by ftr
05-24 21:13:47.224 25658 25658 I Quality : Skipped: true 4 cost 72.81442 refreshRate 16666667 processName com.google.android.GoogleCameraLMC
05-24 21:13:47.224 25658 25658 E ActivityThread: asyncReportFrames skippedFrames= 4 true
05-24 21:13:47.233 25658 25903 W ProtoDataStoreFlagStore: Unable to update local snapshot for com.google.android.libraries.performance.primes#com.google.android.GoogleCameraLMC, may result in stale flags.
05-24 21:13:47.233 25658 25903 W ProtoDataStoreFlagStore: java.util.concurrent.ExecutionException: java.lang.SecurityException: GoogleCertificatesRslt: not allowed: pkg=com.google.android.GoogleCameraLMC, sha256=[a40da80a59d170caa950cf15c18c454d47a39b26989d8b640ecd745ba71bf5dc], atk=false, ver=241616038.true (go/gsrlt)
05-24 21:13:47.233 25658 25903 W ProtoDataStoreFlagStore: 	at pfx.s(Unknown Source:20)
05-24 21:13:47.233 25658 25903 W ProtoDataStoreFlagStore: 	at pfx.get(Unknown Source:21)
05-24 21:13:47.233 25658 25903 W ProtoDataStoreFlagStore: 	at plk.I(Unknown Source:1)
05-24 21:13:47.233 25658 25903 W ProtoDataStoreFlagStore: 	at plk.ad(Unknown Source:9)
05-24 21:13:47.233 25658 25903 W ProtoDataStoreFlagStore: 	at nfm.d(Unknown Source:0)
05-24 21:13:47.233 25658 25903 W ProtoDataStoreFlagStore: 	at ngq.run(Unknown Source:9)
05-24 21:13:47.233 25658 25903 W ProtoDataStoreFlagStore: 	at java.util.concurrent.Executors$RunnableAdapter.call(Executors.java:487)
05-24 21:13:47.233 25658 25903 W ProtoDataStoreFlagStore: 	at java.util.concurrent.FutureTask.run(FutureTask.java:264)
05-24 21:13:47.233 25658 25903 W ProtoDataStoreFlagStore: 	at java.util.concurrent.ScheduledThreadPoolExecutor$ScheduledFutureTask.run(ScheduledThreadPoolExecutor.java:307)
05-24 21:13:47.233 25658 25903 W ProtoDataStoreFlagStore: 	at java.util.concurrent.ThreadPoolExecutor.runWorker(ThreadPoolExecutor.java:1145)
05-24 21:13:47.233 25658 25903 W ProtoDataStoreFlagStore: 	at java.util.concurrent.ThreadPoolExecutor$Worker.run(ThreadPoolExecutor.java:644)
05-24 21:13:47.233 25658 25903 W ProtoDataStoreFlagStore: 	at java.lang.Thread.run(Thread.java:1012)
05-24 21:13:47.233 25658 25903 W ProtoDataStoreFlagStore: Caused by: java.lang.SecurityException: GoogleCertificatesRslt: not allowed: pkg=com.google.android.GoogleCameraLMC, sha256=[a40da80a59d170caa950cf15c18c454d47a39b26989d8b640ecd745ba71bf5dc], atk=false, ver=241616038.true (go/gsrlt)
05-24 21:13:47.233 25658 25903 W ProtoDataStoreFlagStore: 	at android.os.Parcel.createExceptionOrNull(Parcel.java:2485)
05-24 21:13:47.233 25658 25903 W ProtoDataStoreFlagStore: 	at android.os.Parcel.createException(Parcel.java:2469)
05-24 21:13:47.233 25658 25903 W ProtoDataStoreFlagStore: 	at android.os.Parcel.readException(Parcel.java:2452)
05-24 21:13:47.233 25658 25903 W ProtoDataStoreFlagStore: 	at android.os.Parcel.readException(Parcel.java:2394)
05-24 21:13:47.233 25658 25903 W ProtoDataStoreFlagStore: 	at bmn.z(Unknown Source:10)
05-24 21:13:47.233 25658 25903 W ProtoDataStoreFlagStore: 	at ktz.a(Unknown Source:38)
05-24 21:13:47.233 25658 25903 W ProtoDataStoreFlagStore: 	at kjd.f(Unknown Source:10)
05-24 21:13:47.233 25658 25903 W ProtoDataStoreFlagStore: 	at kkc.t(Unknown Source:9)
05-24 21:13:47.233 25658 25903 W ProtoDataStoreFlagStore: 	at kkc.u(Unknown Source:22)
05-24 21:13:47.233 25658 25903 W ProtoDataStoreFlagStore: 	at kkc.g(Unknown Source:29)
05-24 21:13:47.233 25658 25903 W ProtoDataStoreFlagStore: 	at kkc.h(Unknown Source:76)
05-24 21:13:47.233 25658 25903 W ProtoDataStoreFlagStore: 	at kkc.b(Unknown Source:14)
05-24 21:13:47.233 25658 25903 W ProtoDataStoreFlagStore: 	at klz.c(Unknown Source:114)
05-24 21:13:47.233 25658 25903 W ProtoDataStoreFlagStore: 	at klt.d(Unknown Source:6)
05-24 21:13:47.233 25658 25903 W ProtoDataStoreFlagStore: 	at klu.handleMessage(Unknown Source:307)
