05-24 21:13:47.233 25658 25903 W ProtoDataStoreFlagStore: 	at android.os.Handler.dispatchMessage(Handler.java:106)
05-24 21:13:47.233 25658 25903 W ProtoDataStoreFlagStore: 	at ksg.b(Unknown Source:0)
05-24 21:13:47.233 25658 25903 W ProtoDataStoreFlagStore: 	at ksg.dispatchMessage(Unknown Source:0)
05-24 21:13:47.233 25658 25903 W ProtoDataStoreFlagStore: 	at android.os.Looper.loopOnce(Looper.java:233)
05-24 21:13:47.233 25658 25903 W ProtoDataStoreFlagStore: 	at android.os.Looper.loop(Looper.java:344)
05-24 21:13:47.233 25658 25903 W ProtoDataStoreFlagStore: 	at android.os.HandlerThread.run(HandlerThread.java:67)
05-24 21:13:47.269 25658 25993 D libMEOW : meow new tls: 0x7e36cb7f80
05-24 21:13:47.269 25658 25993 D libMEOW : applied 1 plugins for [com.google.android.GoogleCameraLMC]:
05-24 21:13:47.269 25658 25993 D libMEOW :   plugin 1: [libMEOW_gift.so]: 0xb400007ed6459940
05-24 21:13:47.270 25658 25993 D libMEOW : rebuild call chain: 0x7e36c6d100
05-24 21:13:47.319 25658 25715 W CameraMetadataJV: Expect face scores and rectangles to be non-null
05-24 21:13:47.323 25658 25715 W CAM_A   : PHOTO > abs Δ(result sensor timestamp) = 300.47 ms > 70.00 ms
05-24 21:13:47.324 25658 25715 W CAM_A   : PHOTO > rel Δ(result sensor timestamp) = 1.00 > 0.25
05-24 21:13:47.325 25658 25715 W CAM_A   : PHOTO > result sensor delay = 3.99 > 1.10
05-24 21:13:47.418 25658 25715 W CameraMetadataJV: Expect face scores and rectangles to be non-null
05-24 21:13:47.419 25658 25715 W CAM_A   : PHOTO > abs Δ(result sensor timestamp) = 150.23 ms > 70.00 ms
05-24 21:13:47.420 25658 25715 W CAM_A   : PHOTO > rel Δ(result sensor timestamp) = 0.50 > 0.25
05-24 21:13:47.421 25658 25715 W CAM_A   : PHOTO > result sensor delay = 2.00 > 1.10
05-24 21:13:47.480 25658 26003 D libMEOW : meow new tls: 0x7ee058e4c0
05-24 21:13:47.481 25658 26003 D libMEOW : applied 1 plugins for [com.google.android.GoogleCameraLMC]:
05-24 21:13:47.481 25658 26003 D libMEOW :   plugin 1: [libMEOW_gift.so]: 0xb400007ed6459940
05-24 21:13:47.481 25658 26003 D libMEOW : rebuild call chain: 0x7ee05a7240
05-24 21:13:47.491 25658 25979 D GoogleCameraLM: DLEAK reply value=20
05-24 21:13:47.491 25658 25978 D GoogleCameraLM: DLEAK reply value=20
05-24 21:13:47.492 25658 25978 D MediaCodecList: DLEAK matchIndex=20
05-24 21:13:47.492 25658 25979 D MediaCodecList: DLEAK matchIndex=20
05-24 21:13:47.492 25658 25978 D MediaCodecList: codecHandlesFormat: no format, so no extra checks
05-24 21:13:47.493 25658 25979 D MediaCodecList: codecHandlesFormat: no format, so no extra checks
05-24 21:13:47.494 25658 25978 D MediaCodecList: DLEAK matching 'c2.android.vorbis.decoder'
05-24 21:13:47.494 25658 25979 D MediaCodecList: DLEAK matching 'c2.android.vorbis.decoder'
05-24 21:13:47.494 25658 25978 D GoogleCameraLM: DLEAK reply value=30
05-24 21:13:47.494 25658 25978 D MediaCodecList: DLEAK matchIndex=30
05-24 21:13:47.495 25658 25978 D MediaCodecList: codecHandlesFormat: no format, so no extra checks
05-24 21:13:47.495 25658 25978 D MediaCodecList: DLEAK matching 'OMX.google.vorbis.decoder'
05-24 21:13:47.495 25658 25978 D GoogleCameraLM: DLEAK reply value=-2
05-24 21:13:47.495 25658 25978 D MediaCodecList: DLEAK matchIndex=18446744073709551614
05-24 21:13:47.495 25658 25979 D GoogleCameraLM: DLEAK reply value=30
05-24 21:13:47.495 25658 25979 D MediaCodecList: DLEAK matchIndex=30
05-24 21:13:47.497 25658 25979 D MediaCodecList: codecHandlesFormat: no format, so no extra checks
05-24 21:13:47.497 25658 25979 D MediaCodecList: DLEAK matching 'OMX.google.vorbis.decoder'
05-24 21:13:47.498 25658 25979 D GoogleCameraLM: DLEAK reply value=-2
05-24 21:13:47.498 25658 25979 D MediaCodecList: DLEAK matchIndex=18446744073709551614
05-24 21:13:47.504 25658 25978 E Parcel  : Reading a NULL string not supported here.
05-24 21:13:47.510 25658 25979 E Parcel  : Reading a NULL string not supported here.
05-24 21:13:47.533 25658 25979 D OplusCCodec: OplusCCodec [131]: (0x7ee322d680)
05-24 21:13:47.533 25658 25978 D OplusCCodec: OplusCCodec [131]: (0x7ee04dca40)
05-24 21:13:47.539 25658 25978 W libc    : Access denied finding property "vendor.oplus.media.vpp.stutter"
05-24 21:13:47.545 25658 25978 V ListServiceUtils: checkInListByUid module:sr-osie-whitelist uid:10742 cost 6082us return (null)
05-24 21:13:47.545 25658 25978 E ListServiceUtils: checkInListByUid module:sr-osie-whitelist uid:10742 cost 6082us return (null)
05-24 21:13:47.546 25658 25979 W libc    : Access denied finding property "vendor.oplus.media.vpp.stutter"
05-24 21:13:47.547 25658 25979 V ListServiceUtils: checkInListByUid module:sr-osie-whitelist uid:10742 cost 1110us return (null)
05-24 21:13:47.547 25658 25979 E ListServiceUtils: checkInListByUid module:sr-osie-whitelist uid:10742 cost 1110us return (null)
05-24 21:13:47.549 25658 26005 D CCodec  : allocate(c2.android.vorbis.decoder)
05-24 21:13:47.550 25658 26004 D CCodec  : allocate(c2.android.vorbis.decoder)
05-24 21:13:47.561 25658 26005 I Codec2Client: Available Codec2 services: "default" "software"
05-24 21:13:47.561 25658 26010 D libMEOW : meow new tls: 0x7e192699c0
05-24 21:13:47.561 25658 26010 D libMEOW : applied 1 plugins for [com.google.android.GoogleCameraLMC]:
05-24 21:13:47.561 25658 26010 D libMEOW :   plugin 1: [libMEOW_gift.so]: 0xb400007ed6459940
05-24 21:13:47.562 25658 26010 D libMEOW : rebuild call chain: 0x7e19282e00
05-24 21:13:47.588 25658 26004 I CCodec  : setting up 'default' as default (vendor) store
05-24 21:13:47.589 25658 26005 I CCodec  : setting up 'default' as default (vendor) store
05-24 21:13:47.648 25658 25715 W CameraMetadataJV: Expect face scores and rectangles to be non-null
05-24 21:13:47.667 25658 25715 W CAM_A   : PHOTO > abs Δ(result sensor timestamp) = 225.35 ms > 70.00 ms
05-24 21:13:47.667 25658 25715 W CAM_A   : PHOTO > rel Δ(result sensor timestamp) = 0.50 > 0.25
05-24 21:13:47.668 25658 25715 W CAM_A   : PHOTO > result sensor delay = 3.00 > 1.10
05-24 21:13:47.677 25658 25658 I Quality : Skipped: true 4 cost 75.196045 refreshRate 16666667 processName com.google.android.GoogleCameraLMC
05-24 21:13:47.677 25658 25658 E ActivityThread: asyncReportFrames skippedFrames= 4 true
05-24 21:13:47.709 25658 25658 I Quality : Skipped: false 1 cost 24.106932 refreshRate 16666667 processName com.google.android.GoogleCameraLMC
05-24 21:13:47.709 25658 25658 E ActivityThread: asyncReportFrames skippedFrames= 1 true
05-24 21:13:47.749 25658 25658 I Quality : Skipped: true 1 cost 30.744936 refreshRate 16666667 processName com.google.android.GoogleCameraLMC
05-24 21:13:47.749 25658 25658 E ActivityThread: asyncReportFrames skippedFrames= 1 true
05-24 21:13:47.775 25658 25658 I Quality : Skipped: true 1 cost 23.528105 refreshRate 16666667 processName com.google.android.GoogleCameraLMC
05-24 21:13:47.775 25658 25658 E ActivityThread: asyncReportFrames skippedFrames= 1 true
05-24 21:13:47.835 25658 26005 I CCodec  : Created component [c2.android.vorbis.decoder]
05-24 21:13:47.836 25658 26004 I CCodec  : Created component [c2.android.vorbis.decoder]
05-24 21:13:47.839 25658 25658 I Quality : Skipped: true 2 cost 37.39075 refreshRate 16666667 processName com.google.android.GoogleCameraLMC
05-24 21:13:47.839 25658 25658 E ActivityThread: asyncReportFrames skippedFrames= 2 true
05-24 21:13:47.842 25658 26004 D CCodecConfig: read media type: audio/vorbis
05-24 21:13:47.842 25658 26005 D CCodecConfig: read media type: audio/vorbis
05-24 21:13:47.853 25658 26005 D ReflectedParamUpdater: extent() != 1 for single value type: algo.buffers.max-count.values
05-24 21:13:47.854 25658 26005 D ReflectedParamUpdater: extent() != 1 for single value type: output.subscribed-indices.values
05-24 21:13:47.855 25658 26005 D ReflectedParamUpdater: extent() != 1 for single value type: input.buffers.allocator-ids.values
05-24 21:13:47.858 25658 26005 D ReflectedParamUpdater: extent() != 1 for single value type: output.buffers.allocator-ids.values
05-24 21:13:47.858 25658 26005 D ReflectedParamUpdater: extent() != 1 for single value type: algo.buffers.allocator-ids.values
05-24 21:13:47.859 25658 26005 D ReflectedParamUpdater: extent() != 1 for single value type: output.buffers.pool-ids.values
05-24 21:13:47.859 25658 26005 D ReflectedParamUpdater: extent() != 1 for single value type: algo.buffers.pool-ids.values
05-24 21:13:47.861 25658 25715 W CameraMetadataJV: Expect face scores and rectangles to be non-null
05-24 21:13:47.867 25658 26004 D ReflectedParamUpdater: extent() != 1 for single value type: algo.buffers.max-count.values
05-24 21:13:47.868 25658 26004 D ReflectedParamUpdater: extent() != 1 for single value type: output.subscribed-indices.values
05-24 21:13:47.868 25658 26004 D ReflectedParamUpdater: extent() != 1 for single value type: input.buffers.allocator-ids.values
05-24 21:13:47.869 25658 26004 D ReflectedParamUpdater: extent() != 1 for single value type: output.buffers.allocator-ids.values
05-24 21:13:47.869 25658 26004 D ReflectedParamUpdater: extent() != 1 for single value type: algo.buffers.allocator-ids.values
05-24 21:13:47.869 25658 26004 D ReflectedParamUpdater: extent() != 1 for single value type: output.buffers.pool-ids.values
05-24 21:13:47.869 25658 26004 D ReflectedParamUpdater: extent() != 1 for single value type: algo.buffers.pool-ids.values
05-24 21:13:47.872 25658 25658 I Quality : Skipped: true 1 cost 21.280197 refreshRate 16666667 processName com.google.android.GoogleCameraLMC
05-24 21:13:47.874 25658 25658 E ActivityThread: asyncReportFrames skippedFrames= 1 true
05-24 21:13:47.894 25658 26004 I CCodecConfig: query failed after returning 7 values (BAD_INDEX)
05-24 21:13:47.894 25658 26004 D CCodecConfig: c2 config diff is Dict {
05-24 21:13:47.894 25658 26004 D CCodecConfig:   c2::u32 coded.bitrate.value = 64000
05-24 21:13:47.894 25658 26004 D CCodecConfig:   c2::u32 input.buffers.max-size.value = 32768
05-24 21:13:47.894 25658 26004 D CCodecConfig:   c2::u32 input.delay.value = 0
05-24 21:13:47.894 25658 26004 D CCodecConfig:   string input.media-type.value = "audio/vorbis"
05-24 21:13:47.894 25658 26004 D CCodecConfig:   string output.media-type.value = "audio/raw"
05-24 21:13:47.894 25658 26004 D CCodecConfig:   c2::u32 raw.channel-count.value = 1
05-24 21:13:47.894 25658 26004 D CCodecConfig:   c2::u32 raw.sample-rate.value = 48000
05-24 21:13:47.894 25658 26004 D CCodecConfig: }
05-24 21:13:47.896 25658 25979 I MediaCodec: [c2.android.vorbis.decoder] configure, format : AMessage(what = 0x00000000) = {
05-24 21:13:47.896 25658 25979 I MediaCodec:   string mime = "audio/vorbis"
05-24 21:13:47.896 25658 25979 I MediaCodec:   int64_t durationUs = 282086
05-24 21:13:47.896 25658 25979 I MediaCodec:   int32_t track-id = 1
05-24 21:13:47.896 25658 25979 I MediaCodec:   Buffer csd-0 = {
05-24 21:13:47.896 25658 25979 I MediaCodec:     00000000:  01 76 6f 72 62 69 73 00  00 00 00 01 44 ac 00 00  .vorbis.....D...
05-24 21:13:47.896 25658 25979 I MediaCodec:     00000010:  00 00 00 00 80 38 01 00  00 00 00 00 b8 01        .....8........
05-24 21:13:47.896 25658 25979 I MediaCodec:   }
05-24 21:13:47.896 25658 25979 I MediaCodec:   Buffer *csd-1 = 0x7e5014ef00
05-24 21:13:47.896 25658 25979 I MediaCodec:   int32_t bitrate = 80000
05-24 21:13:47.896 25658 25979 I MediaCodec:   int32_t channel-count = 1
05-24 21:13:47.896 25658 25979 I MediaCodec:   int32_t sample-rate = 44100
05-24 21:13:47.896 25658 25979 I MediaCodec:   int32_t channel-mask = 1
05-24 21:13:47.896 25658 25979 I MediaCodec: }
05-24 21:13:47.897 25658 26004 D MediaCodec: flushMediametrics
05-24 21:13:47.899 25658 26005 I CCodecConfig: query failed after returning 7 values (BAD_INDEX)
05-24 21:13:47.899 25658 26005 D CCodecConfig: c2 config diff is Dict {
05-24 21:13:47.899 25658 26005 D CCodecConfig:   c2::u32 coded.bitrate.value = 64000
05-24 21:13:47.899 25658 26005 D CCodecConfig:   c2::u32 input.buffers.max-size.value = 32768
05-24 21:13:47.899 25658 26005 D CCodecConfig:   c2::u32 input.delay.value = 0
05-24 21:13:47.899 25658 26005 D CCodecConfig:   string input.media-type.value = "audio/vorbis"
05-24 21:13:47.899 25658 26005 D CCodecConfig:   string output.media-type.value = "audio/raw"
05-24 21:13:47.899 25658 26005 D CCodecConfig:   c2::u32 raw.channel-count.value = 1
05-24 21:13:47.899 25658 26005 D CCodecConfig:   c2::u32 raw.sample-rate.value = 48000
05-24 21:13:47.899 25658 26005 D CCodecConfig: }
05-24 21:13:47.899 25658 26004 V ListServiceUtils: checkInListByUid module:sr-osie-whitelist uid:10742 cost 531us return (null)
05-24 21:13:47.899 25658 26004 D OplusCCodec: debug enabled , debugType :0
05-24 21:13:47.899 25658 26004 V ListServiceUtils: checkInListByUid module:minstance-delay uid:10742 cost 262us return (null)
05-24 21:13:47.899 25658 26004 D OplusCCodec: [initiateConfigureComponent:L459] OplusFeedbackInfo  mFeedbackID:544976590464
05-24 21:13:47.900 25658 26004 D CCodec  : [c2.android.vorbis.decoder] buffers are bound to CCodec for this session
05-24 21:13:47.900 25658 26004 D CCodecConfig: no c2 equivalents for durationUs
05-24 21:13:47.900 25658 26004 D CCodecConfig: no c2 equivalents for track-id
05-24 21:13:47.900 25658 26004 D CCodecConfig: no c2 equivalents for csd-1
05-24 21:13:47.900 25658 26004 D CCodecConfig: no c2 equivalents for channel-mask
05-24 21:13:47.900 25658 26004 D CCodecConfig: no c2 equivalents for flags
05-24 21:13:47.901 25658 26004 D CCodecConfig: c2 config diff is   c2::u32 coded.bitrate.value = 80000
05-24 21:13:47.901 25658 26004 D CCodecConfig:   c2::u32 raw.sample-rate.value = 44100
05-24 21:13:47.901 25658 25978 I MediaCodec: [c2.android.vorbis.decoder] configure, format : AMessage(what = 0x00000000) = {
05-24 21:13:47.901 25658 25978 I MediaCodec:   string mime = "audio/vorbis"
05-24 21:13:47.901 25658 25978 I MediaCodec:   int64_t durationUs = 97083
05-24 21:13:47.901 25658 25978 I MediaCodec:   int32_t track-id = 1
05-24 21:13:47.901 25658 25978 I MediaCodec:   Buffer csd-0 = {
05-24 21:13:47.901 25658 25978 I MediaCodec:     00000000:  01 76 6f 72 62 69 73 00  00 00 00 01 80 bb 00 00  .vorbis.........
05-24 21:13:47.901 25658 25978 I MediaCodec:     00000010:  00 00 00 00 c0 d4 01 00  00 00 00 00 b8 01        ..............
05-24 21:13:47.901 25658 25978 I MediaCodec:   }
05-24 21:13:47.901 25658 25978 I MediaCodec:   Buffer *csd-1 = 0x7e5c521980
05-24 21:13:47.901 25658 25978 I MediaCodec:   int32_t bitrate = 120000
05-24 21:13:47.901 25658 25978 I MediaCodec:   int32_t channel-count = 1
05-24 21:13:47.901 25658 25978 I MediaCodec:   int32_t sample-rate = 48000
05-24 21:13:47.901 25658 25978 I MediaCodec:   int32_t channel-mask = 1
05-24 21:13:47.901 25658 25978 I MediaCodec: }
05-24 21:13:47.902 25658 26005 D MediaCodec: flushMediametrics
05-24 21:13:47.902 25658 26005 V ListServiceUtils: checkInListByUid module:sr-osie-whitelist uid:10742 cost 270us return (null)
05-24 21:13:47.903 25658 26005 D OplusCCodec: debug enabled , debugType :0
05-24 21:13:47.903 25658 26004 W Codec2Client: query -- param skipped: index = 1107298332.
05-24 21:13:47.903 25658 26004 D CCodec  : setup formats input: AMessage(what = 0x00000000) = {
05-24 21:13:47.903 25658 26004 D CCodec  :   int32_t bitrate = 80000
05-24 21:13:47.903 25658 26004 D CCodec  :   int32_t channel-count = 1
05-24 21:13:47.903 25658 26004 D CCodec  :   int32_t max-input-size = 32768
05-24 21:13:47.903 25658 26004 D CCodec  :   string mime = "audio/vorbis"
05-24 21:13:47.903 25658 26004 D CCodec  :   int32_t sample-rate = 44100
05-24 21:13:47.903 25658 26004 D CCodec  : }
05-24 21:13:47.903 25658 26004 D CCodec  : setup formats output: AMessage(what = 0x00000000) = {
05-24 21:13:47.903 25658 26004 D CCodec  :   int32_t channel-count = 1
05-24 21:13:47.903 25658 26004 D CCodec  :   string mime = "audio/raw"
05-24 21:13:47.903 25658 26004 D CCodec  :   int32_t sample-rate = 44100
05-24 21:13:47.903 25658 26004 D CCodec  :   int32_t channel-mask = 1
05-24 21:13:47.903 25658 26004 D CCodec  : }
05-24 21:13:47.903 25658 26005 V ListServiceUtils: checkInListByUid module:minstance-delay uid:10742 cost 275us return (null)
05-24 21:13:47.903 25658 26005 D OplusCCodec: [initiateConfigureComponent:L459] OplusFeedbackInfo  mFeedbackID:544929073728
05-24 21:13:47.903 25658 26005 D CCodec  : [c2.android.vorbis.decoder] buffers are bound to CCodec for this session
05-24 21:13:47.903 25658 26005 D CCodecConfig: no c2 equivalents for durationUs
05-24 21:13:47.903 25658 26005 D CCodecConfig: no c2 equivalents for track-id
05-24 21:13:47.903 25658 26005 D CCodecConfig: no c2 equivalents for csd-1
05-24 21:13:47.903 25658 26004 I CCodecConfig: query failed after returning 7 values (BAD_INDEX)
05-24 21:13:47.903 25658 26005 D CCodecConfig: no c2 equivalents for channel-mask
05-24 21:13:47.903 25658 26005 D CCodecConfig: no c2 equivalents for flags
05-24 21:13:47.905 25658 26005 D CCodecConfig: c2 config diff is   c2::u32 coded.bitrate.value = 120000
05-24 21:13:47.905 25658 26004 W Codec2Client: query -- param skipped: index = 1342179345.
05-24 21:13:47.905 25658 26004 W Codec2Client: query -- param skipped: index = 2415921170.
05-24 21:13:47.906 25658 26005 W Codec2Client: query -- param skipped: index = 1107298332.
05-24 21:13:47.906 25658 26005 D CCodec  : setup formats input: AMessage(what = 0x00000000) = {
05-24 21:13:47.906 25658 26005 D CCodec  :   int32_t bitrate = 120000
05-24 21:13:47.906 25658 26005 D CCodec  :   int32_t channel-count = 1
05-24 21:13:47.906 25658 26005 D CCodec  :   int32_t max-input-size = 32768
05-24 21:13:47.906 25658 26005 D CCodec  :   string mime = "audio/vorbis"
05-24 21:13:47.906 25658 26005 D CCodec  :   int32_t sample-rate = 48000
05-24 21:13:47.906 25658 26005 D CCodec  : }
05-24 21:13:47.906 25658 26005 D CCodec  : setup formats output: AMessage(what = 0x00000000) = {
05-24 21:13:47.906 25658 26005 D CCodec  :   int32_t channel-count = 1
05-24 21:13:47.906 25658 26005 D CCodec  :   string mime = "audio/raw"
05-24 21:13:47.906 25658 26005 D CCodec  :   int32_t sample-rate = 48000
05-24 21:13:47.906 25658 26005 D CCodec  :   int32_t channel-mask = 1
05-24 21:13:47.906 25658 26005 D CCodec  : }
05-24 21:13:47.906 25658 26005 I CCodecConfig: query failed after returning 7 values (BAD_INDEX)
05-24 21:13:47.908 25658 26005 W Codec2Client: query -- param skipped: index = 1342179345.
05-24 21:13:47.908 25658 26005 W Codec2Client: query -- param skipped: index = 2415921170.
05-24 21:13:47.909 25658 26005 D C2Store : Using ION
05-24 21:13:47.916 25658 26005 D CCodecBufferChannel: [c2.android.vorbis.decoder#432] Created input block pool with allocatorID 16 => poolID 17 - OK (0)
05-24 21:13:47.922 25658 26004 D CCodecBufferChannel: [c2.android.vorbis.decoder#244] Created input block pool with allocatorID 16 => poolID 18 - OK (0)
05-24 21:13:47.923 25658 25715 W CAM_A   : PHOTO > abs Δ(result sensor timestamp) = 150.23 ms > 70.00 ms
05-24 21:13:47.925 25658 25715 W CAM_A   : PHOTO > rel Δ(result sensor timestamp) = 0.33 > 0.25
05-24 21:13:47.925 25658 25658 I Quality : Skipped: true 2 cost 41.05217 refreshRate 16666667 processName com.google.android.GoogleCameraLMC
05-24 21:13:47.926 25658 25658 E ActivityThread: asyncReportFrames skippedFrames= 2 true
05-24 21:13:47.926 25658 25715 W CAM_A   : PHOTO > result sensor delay = 2.00 > 1.10
05-24 21:13:47.936 25658 26004 I CCodecBufferChannel: [c2.android.vorbis.decoder#244] Created output block pool with allocatorID 16 => poolID 729 - OK
05-24 21:13:47.937 25658 26004 D CCodecBufferChannel: [c2.android.vorbis.decoder#244] Configured output block pool ids 729 => OK
05-24 21:13:47.939 25658 26005 I CCodecBufferChannel: [c2.android.vorbis.decoder#432] Created output block pool with allocatorID 16 => poolID 728 - OK
05-24 21:13:47.939 25658 26005 D CCodecBufferChannel: [c2.android.vorbis.decoder#432] Configured output block pool ids 728 => OK
05-24 21:13:47.945 25658 26005 E ion     : ioctl c0044901 failed with code -1: Invalid argument
05-24 21:13:47.959 25658 25978 D SoundPool::Sound: begin to decode(fd=285)
05-24 21:13:47.959 25658 25658 D OplusScrollToTopManager: This DecorView@41b8589[CameraLauncher] change focus to true
05-24 21:13:47.960 25658 25979 D SoundPool::Sound: begin to decode(fd=153)
05-24 21:13:47.960 25658 25658 I Quality : Skipped: true 1 cost 25.528 refreshRate 16666667 processName com.google.android.GoogleCameraLMC
05-24 21:13:47.960 25658 25658 E ActivityThread: asyncReportFrames skippedFrames= 1 true
05-24 21:13:48.007 25658 25658 I Quality : Skipped: true 1 cost 22.584244 refreshRate 16666667 processName com.google.android.GoogleCameraLMC
05-24 21:13:48.007 25658 25658 E ActivityThread: asyncReportFrames skippedFrames= 1 true
05-24 21:13:48.088 25658 25715 W CameraMetadataJV: Expect face scores and rectangles to be non-null
05-24 21:13:48.109 25658 25715 W CAM_A   : PHOTO > abs Δ(result sensor timestamp) = 150.23 ms > 70.00 ms
05-24 21:13:48.110 25658 25715 W CAM_A   : PHOTO > result sensor delay = 2.00 > 1.10
05-24 21:13:48.211 25658 26005 D OplusCCodec: initiateShutdown [531]: (0x7ee04dca40) keepComponentAllocated=1
05-24 21:13:48.212 25658 26005 D CCodecBufferChannel: [c2.android.vorbis.decoder#432] MediaCodec discarded an unknown buffer
05-24 21:13:48.213 25658 26005 D CCodecBufferChannel: [c2.android.vorbis.decoder#432] MediaCodec discarded an unknown buffer
05-24 21:13:48.213 25658 26005 D CCodecBufferChannel: [c2.android.vorbis.decoder#432] MediaCodec discarded an unknown buffer
05-24 21:13:48.215 25658 25978 D SoundPool::Sound: end to decode (fd=285)
05-24 21:13:48.216 25658 26005 D OplusCCodec: initiateShutdown [531]: (0x7ee04dca40) keepComponentAllocated=0
05-24 21:13:48.222 25658 26005 I hw-BpHwBinder: onLastStrongRef automatically unlinking death recipients
05-24 21:13:48.240 25658 25978 D MediaCodec: flushMediametrics
05-24 21:13:48.245 25658 25978 D OplusCCodec: ~OplusCCodec [146]: (0x7ee04dca40)
05-24 21:13:48.248 25658 25715 W CameraMetadataJV: Expect face scores and rectangles to be non-null
05-24 21:13:48.250 25658 25715 W CAM_A   : PHOTO > abs Δ(result sensor timestamp) = 300.47 ms > 70.00 ms
05-24 21:13:48.251 25658 25715 W CAM_A   : PHOTO > rel Δ(result sensor timestamp) = 1.00 > 0.25
05-24 21:13:48.252 25658 25715 W CAM_A   : PHOTO > result sensor delay = 4.50 > 1.10
05-24 21:13:48.329 25658 25854 E IMGSRV  : :53: GetCmdlineFileContents: Failed to open /proc/987/cmdline (No such file or directory)
05-24 21:13:48.329 25658 25854 E IMGSRV  : :53: GetCmdlineFileContents: Failed to open /proc/987/cmdline (No such file or directory)
05-24 21:13:48.343 25658 25854 E IMGSRV  : :53: GetCmdlineFileContents: Failed to open /proc/987/cmdline (No such file or directory)
05-24 21:13:48.343 25658 25854 E IMGSRV  : :53: GetCmdlineFileContents: Failed to open /proc/987/cmdline (No such file or directory)
05-24 21:13:48.363 25658 25715 W CameraMetadataJV: Expect face scores and rectangles to be non-null
05-24 21:13:48.364 25658 26004 D OplusCCodec: initiateShutdown [531]: (0x7ee322d680) keepComponentAllocated=1
05-24 21:13:48.365 25658 26004 D CCodecBufferChannel: [c2.android.vorbis.decoder#244] MediaCodec discarded an unknown buffer
05-24 21:13:48.365 25658 26004 D CCodecBufferChannel: [c2.android.vorbis.decoder#244] MediaCodec discarded an unknown buffer
05-24 21:13:48.365 25658 26004 D CCodecBufferChannel: [c2.android.vorbis.decoder#244] MediaCodec discarded an unknown buffer
05-24 21:13:48.367 25658 25979 D SoundPool::Sound: end to decode (fd=153)
05-24 21:13:48.367 25658 26004 D OplusCCodec: initiateShutdown [531]: (0x7ee322d680) keepComponentAllocated=0
05-24 21:13:48.369 25658 25715 W CAM_A   : PHOTO > abs Δ(result sensor timestamp) = 133.57 ms > 70.00 ms
05-24 21:13:48.370 25658 26004 I hw-BpHwBinder: onLastStrongRef automatically unlinking death recipients
05-24 21:13:48.374 25658 25979 D MediaCodec: flushMediametrics
05-24 21:13:48.375 25658 25979 D OplusCCodec: ~OplusCCodec [146]: (0x7ee322d680)
05-24 21:13:48.378 25658 25715 W CAM_A   : PHOTO > rel Δ(result sensor timestamp) = 0.56 > 0.25
05-24 21:13:48.378 25658 25715 W CAM_A   : PHOTO > result sensor delay = 2.00 > 1.10
05-24 21:13:48.479 25658 25715 W CameraMetadataJV: Expect face scores and rectangles to be non-null
05-24 21:13:48.480 25658 25715 W CAM_A   : PHOTO > abs Δ(result sensor timestamp) = 133.57 ms > 70.00 ms
05-24 21:13:48.481 25658 25715 W CAM_A   : PHOTO > result sensor delay = 2.00 > 1.10
05-24 21:13:48.501 25658 25854 E IMGSRV  : :53: GetCmdlineFileContents: Failed to open /proc/987/cmdline (No such file or directory)
05-24 21:13:48.502 25658 25854 E IMGSRV  : :53: GetCmdlineFileContents: Failed to open /proc/987/cmdline (No such file or directory)
05-24 21:13:48.510 25658 25854 E IMGSRV  : :53: GetCmdlineFileContents: Failed to open /proc/987/cmdline (No such file or directory)
05-24 21:13:48.510 25658 25854 E IMGSRV  : :53: GetCmdlineFileContents: Failed to open /proc/987/cmdline (No such file or directory)
05-24 21:13:48.521 25658 25682 W CAM_A   : Framerate metadata does not exist for the video at content://media/external/video/media/1000027780
05-24 21:13:48.631 25658 25715 W CameraMetadataJV: Expect face scores and rectangles to be non-null
05-24 21:13:48.638 25658 25715 W CAM_A   : PHOTO > abs Δ(result sensor timestamp) = 141.89 ms > 70.00 ms
05-24 21:13:48.638 25658 25715 W CAM_A   : PHOTO > result sensor delay = 2.43 > 1.10
05-24 21:13:48.652 25658 25854 E IMGSRV  : :53: GetCmdlineFileContents: Failed to open /proc/987/cmdline (No such file or directory)
05-24 21:13:48.653 25658 25854 E IMGSRV  : :53: GetCmdlineFileContents: Failed to open /proc/987/cmdline (No such file or directory)
05-24 21:13:48.657 25658 25854 E IMGSRV  : :53: GetCmdlineFileContents: Failed to open /proc/987/cmdline (No such file or directory)
05-24 21:13:48.657 25658 25854 E IMGSRV  : :53: GetCmdlineFileContents: Failed to open /proc/987/cmdline (No such file or directory)
05-24 21:13:48.781 25658 25854 E IMGSRV  : :53: GetCmdlineFileContents: Failed to open /proc/987/cmdline (No such file or directory)
05-24 21:13:48.782 25658 25854 E IMGSRV  : :53: GetCmdlineFileContents: Failed to open /proc/987/cmdline (No such file or directory)
05-24 21:13:48.785 25658 25715 W CameraMetadataJV: Expect face scores and rectangles to be non-null
05-24 21:13:48.787 25658 25854 E IMGSRV  : :53: GetCmdlineFileContents: Failed to open /proc/987/cmdline (No such file or directory)
05-24 21:13:48.787 25658 25854 E IMGSRV  : :53: GetCmdlineFileContents: Failed to open /proc/987/cmdline (No such file or directory)
05-24 21:13:48.789 25658 25715 W CAM_A   : PHOTO > abs Δ(result sensor timestamp) = 125.26 ms > 70.00 ms
05-24 21:13:48.790 25658 25715 W CAM_A   : PHOTO > result sensor delay = 2.50 > 1.10
05-24 21:13:48.830 25658 25682 W CAM_A   : Framerate metadata does not exist for the video at content://media/external/video/media/1000027779
05-24 21:13:48.852 25658 25715 W CameraMetadataJV: Expect face scores and rectangles to be non-null
05-24 21:13:48.857 25658 25715 W CAM_A   : PHOTO > abs Δ(result sensor timestamp) = 100.23 ms > 70.00 ms
05-24 21:13:48.858 25658 25715 W CAM_A   : PHOTO > result sensor delay = 2.00 > 1.10
05-24 21:13:48.873 25658 25854 E IMGSRV  : :53: GetCmdlineFileContents: Failed to open /proc/987/cmdline (No such file or directory)
05-24 21:13:48.874 25658 25854 E IMGSRV  : :53: GetCmdlineFileContents: Failed to open /proc/987/cmdline (No such file or directory)
05-24 21:13:48.879 25658 25854 E IMGSRV  : :53: GetCmdlineFileContents: Failed to open /proc/987/cmdline (No such file or directory)
05-24 21:13:48.879 25658 25854 E IMGSRV  : :53: GetCmdlineFileContents: Failed to open /proc/987/cmdline (No such file or directory)
05-24 21:13:48.909 25658 25854 E IMGSRV  : :53: GetCmdlineFileContents: Failed to open /proc/987/cmdline (No such file or directory)
05-24 21:13:48.910 25658 25854 E IMGSRV  : :53: GetCmdlineFileContents: Failed to open /proc/987/cmdline (No such file or directory)
05-24 21:13:48.914 25658 25854 E IMGSRV  : :53: GetCmdlineFileContents: Failed to open /proc/987/cmdline (No such file or directory)
05-24 21:13:48.914 25658 25854 E IMGSRV  : :53: GetCmdlineFileContents: Failed to open /proc/987/cmdline (No such file or directory)
05-24 21:13:48.962 25658 25854 E IMGSRV  : :53: GetCmdlineFileContents: Failed to open /proc/987/cmdline (No such file or directory)
05-24 21:13:48.963 25658 25854 E IMGSRV  : :53: GetCmdlineFileContents: Failed to open /proc/987/cmdline (No such file or directory)
05-24 21:13:48.966 25658 25854 E IMGSRV  : :53: GetCmdlineFileContents: Failed to open /proc/987/cmdline (No such file or directory)
05-24 21:13:48.966 25658 25854 E IMGSRV  : :53: GetCmdlineFileContents: Failed to open /proc/987/cmdline (No such file or directory)
05-24 21:13:48.967 25658 25854 E IMGSRV  : :53: GetCmdlineFileContents: Failed to open /proc/987/cmdline (No such file or directory)
05-24 21:13:48.969 25658 25854 E IMGSRV  : :53: GetCmdlineFileContents: Failed to open /proc/987/cmdline (No such file or directory)
05-24 21:13:48.971 25658 25854 E IMGSRV  : :53: GetCmdlineFileContents: Failed to open /proc/987/cmdline (No such file or directory)
05-24 21:13:48.971 25658 25854 E IMGSRV  : :53: GetCmdlineFileContents: Failed to open /proc/987/cmdline (No such file or directory)
05-24 21:13:48.974 25658 25715 W CameraMetadataJV: Expect face scores and rectangles to be non-null
05-24 21:13:48.975 25658 25715 W CAM_A   : PHOTO > abs Δ(result sensor timestamp) = 150.34 ms > 70.00 ms
05-24 21:13:48.976 25658 25715 W CAM_A   : PHOTO > rel Δ(result sensor timestamp) = 0.50 > 0.25
05-24 21:13:48.976 25658 25715 W CAM_A   : PHOTO > result sensor delay = 3.01 > 1.10
05-24 21:13:49.023 25658 25854 E IMGSRV  : :53: GetCmdlineFileContents: Failed to open /proc/987/cmdline (No such file or directory)
05-24 21:13:49.023 25658 25854 E IMGSRV  : :53: GetCmdlineFileContents: Failed to open /proc/987/cmdline (No such file or directory)
05-24 21:13:49.027 25658 25854 E IMGSRV  : :53: GetCmdlineFileContents: Failed to open /proc/987/cmdline (No such file or directory)
05-24 21:13:49.027 25658 25854 E IMGSRV  : :53: GetCmdlineFileContents: Failed to open /proc/987/cmdline (No such file or directory)
05-24 21:13:49.029 25658 25854 E IMGSRV  : :53: GetCmdlineFileContents: Failed to open /proc/987/cmdline (No such file or directory)
05-24 21:13:49.030 25658 25854 E IMGSRV  : :53: GetCmdlineFileContents: Failed to open /proc/987/cmdline (No such file or directory)
05-24 21:13:49.033 25658 25854 E IMGSRV  : :53: GetCmdlineFileContents: Failed to open /proc/987/cmdline (No such file or directory)
05-24 21:13:49.033 25658 25854 E IMGSRV  : :53: GetCmdlineFileContents: Failed to open /proc/987/cmdline (No such file or directory)
05-24 21:13:49.054 25658 25682 W CAM_A   : Framerate metadata does not exist for the video at content://media/external/video/media/1000027778
05-24 21:13:49.124 25658 25854 E IMGSRV  : :53: GetCmdlineFileContents: Failed to open /proc/987/cmdline (No such file or directory)
05-24 21:13:49.125 25658 25854 E IMGSRV  : :53: GetCmdlineFileContents: Failed to open /proc/987/cmdline (No such file or directory)
05-24 21:13:49.130 25658 25854 E IMGSRV  : :53: GetCmdlineFileContents: Failed to open /proc/987/cmdline (No such file or directory)
05-24 21:13:49.130 25658 25854 E IMGSRV  : :53: GetCmdlineFileContents: Failed to open /proc/987/cmdline (No such file or directory)
05-24 21:13:49.132 25658 25854 E IMGSRV  : :53: GetCmdlineFileContents: Failed to open /proc/987/cmdline (No such file or directory)
05-24 21:13:49.132 25658 25854 E IMGSRV  : :53: GetCmdlineFileContents: Failed to open /proc/987/cmdline (No such file or directory)
05-24 21:13:49.133 25658 25854 E IMGSRV  : :53: GetCmdlineFileContents: Failed to open /proc/987/cmdline (No such file or directory)
05-24 21:13:49.133 25658 25854 E IMGSRV  : :53: GetCmdlineFileContents: Failed to open /proc/987/cmdline (No such file or directory)
05-24 21:13:49.143 25658 25854 E IMGSRV  : :53: GetCmdlineFileContents: Failed to open /proc/987/cmdline (No such file or directory)
05-24 21:13:49.143 25658 25854 E IMGSRV  : :53: GetCmdlineFileContents: Failed to open /proc/987/cmdline (No such file or directory)
05-24 21:13:49.154 25658 25854 E IMGSRV  : :53: GetCmdlineFileContents: Failed to open /proc/987/cmdline (No such file or directory)
05-24 21:13:49.155 25658 25854 E IMGSRV  : :53: GetCmdlineFileContents: Failed to open /proc/987/cmdline (No such file or directory)
05-24 21:13:49.156 25658 25854 E IMGSRV  : :53: GetCmdlineFileContents: Failed to open /proc/987/cmdline (No such file or directory)
05-24 21:13:49.156 25658 25854 E IMGSRV  : :53: GetCmdlineFileContents: Failed to open /proc/987/cmdline (No such file or directory)
05-24 21:13:49.157 25658 25715 W CameraMetadataJV: Expect face scores and rectangles to be non-null
05-24 21:13:49.158 25658 25854 E IMGSRV  : :53: GetCmdlineFileContents: Failed to open /proc/987/cmdline (No such file or directory)
05-24 21:13:49.158 25658 25854 E IMGSRV  : :53: GetCmdlineFileContents: Failed to open /proc/987/cmdline (No such file or directory)
05-24 21:13:49.159 25658 25715 W CAM_A   : PHOTO > abs Δ(result sensor timestamp) = 100.23 ms > 70.00 ms
05-24 21:13:49.160 25658 25715 W CAM_A   : PHOTO > rel Δ(result sensor timestamp) = 0.33 > 0.25
05-24 21:13:49.161 25658 25854 E IMGSRV  : :53: GetCmdlineFileContents: Failed to open /proc/987/cmdline (No such file or directory)
05-24 21:13:49.161 25658 25854 E IMGSRV  : :53: GetCmdlineFileContents: Failed to open /proc/987/cmdline (No such file or directory)
05-24 21:13:49.161 25658 25715 W CAM_A   : PHOTO > result sensor delay = 2.00 > 1.10
05-24 21:13:49.164 25658 25854 E IMGSRV  : :53: GetCmdlineFileContents: Failed to open /proc/987/cmdline (No such file or directory)
05-24 21:13:49.164 25658 25854 E IMGSRV  : :53: GetCmdlineFileContents: Failed to open /proc/987/cmdline (No such file or directory)
05-24 21:13:49.166 25658 25854 E IMGSRV  : :53: GetCmdlineFileContents: Failed to open /proc/987/cmdline (No such file or directory)
05-24 21:13:49.166 25658 25854 E IMGSRV  : :53: GetCmdlineFileContents: Failed to open /proc/987/cmdline (No such file or directory)
05-24 21:13:49.193 25658 25715 W CameraMetadataJV: Expect face scores and rectangles to be non-null
05-24 21:13:49.195 25658 25715 W CAM_A   : PHOTO > abs Δ(result sensor timestamp) = 100.23 ms > 70.00 ms
05-24 21:13:49.196 25658 25715 W CAM_A   : PHOTO > result sensor delay = 2.00 > 1.10
05-24 21:13:49.217 25658 25854 E IMGSRV  : :53: GetCmdlineFileContents: Failed to open /proc/987/cmdline (No such file or directory)
05-24 21:13:49.217 25658 25854 E IMGSRV  : :53: GetCmdlineFileContents: Failed to open /proc/987/cmdline (No such file or directory)
05-24 21:13:49.230 25658 25854 E IMGSRV  : :53: GetCmdlineFileContents: Failed to open /proc/987/cmdline (No such file or directory)
05-24 21:13:49.231 25658 25854 E IMGSRV  : :53: GetCmdlineFileContents: Failed to open /proc/987/cmdline (No such file or directory)
05-24 21:13:49.253 25658 25854 E IMGSRV  : :53: GetCmdlineFileContents: Failed to open /proc/987/cmdline (No such file or directory)
05-24 21:13:49.254 25658 25854 E IMGSRV  : :53: GetCmdlineFileContents: Failed to open /proc/987/cmdline (No such file or directory)
05-24 21:13:49.267 25658 25854 E IMGSRV  : :53: GetCmdlineFileContents: Failed to open /proc/987/cmdline (No such file or directory)
05-24 21:13:49.267 25658 25854 E IMGSRV  : :53: GetCmdlineFileContents: Failed to open /proc/987/cmdline (No such file or directory)
05-24 21:13:49.316 25658 25854 E IMGSRV  : :53: GetCmdlineFileContents: Failed to open /proc/987/cmdline (No such file or directory)
05-24 21:13:49.316 25658 25854 E IMGSRV  : :53: GetCmdlineFileContents: Failed to open /proc/987/cmdline (No such file or directory)
05-24 21:13:49.317 25658 25854 E IMGSRV  : :53: GetCmdlineFileContents: Failed to open /proc/987/cmdline (No such file or directory)
05-24 21:13:49.317 25658 25854 E IMGSRV  : :53: GetCmdlineFileContents: Failed to open /proc/987/cmdline (No such file or directory)
05-24 21:13:49.320 25658 25854 E native  : E0524 21:13:49.320016   25854 resource_util_android.cc:65] generic::internal: RET_CHECK failure (third_party/mediapipe/util/resource_util_android.cc:65) Singleton<AssetManager>::get()->ReadFile(path, output) could not read asset: research/vision/loco/video/models/siamese_fcpp/mobile/model_21086792_30/siamese_end2end.tflite
05-24 21:13:49.320 25658 25854 E native  : Stack trace:
05-24 21:13:49.320 25658 25854 E native  : 
05-24 21:13:49.320 25658 25854 E native  : E0524 21:13:49.320574   25854 asset_manager_util.cc:166] generic::internal: RET_CHECK failure (third_party/mediapipe/util/android/asset_manager_util.cc:166) ReadFile(asset_path, &asset_data) could not read asset: research/vision/loco/video/models/siamese_fcpp/mobile/model_21086792_30/siamese_end2end.tflite
05-24 21:13:49.320 25658 25854 E native  : Stack trace:
05-24 21:13:49.320 25658 25854 E native  : 
05-24 21:13:49.368 25658 25715 W CameraMetadataJV: Expect face scores and rectangles to be non-null
05-24 21:13:49.370 25658 25715 W CAM_A   : PHOTO > abs Δ(result sensor timestamp) = 200.46 ms > 70.00 ms
05-24 21:13:49.371 25658 25715 W CAM_A   : PHOTO > rel Δ(result sensor timestamp) = 1.00 > 0.25
05-24 21:13:49.372 25658 25715 W CAM_A   : PHOTO > result sensor delay = 4.01 > 1.10
05-24 21:13:49.417 25658 25854 I tflite  : Replacing 47 node(s) with delegate (unknown) node, yielding 1 partitions.
05-24 21:13:49.425 25658 25854 I tflite  : Replacing 47 node(s) with delegate (unknown) node, yielding 1 partitions.
05-24 21:13:49.444 25658 25715 W CameraMetadataJV: Expect face scores and rectangles to be non-null
05-24 21:13:49.445 25658 25715 W CAM_A   : PHOTO > rel Δ(result sensor timestamp) = 0.75 > 0.25
05-24 21:13:49.507 25658 25854 E IMGSRV  : :53: GetCmdlineFileContents: Failed to open /proc/987/cmdline (No such file or directory)
05-24 21:13:49.508 25658 25854 E IMGSRV  : :53: GetCmdlineFileContents: Failed to open /proc/987/cmdline (No such file or directory)
05-24 21:13:49.508 25658 25854 E IMGSRV  : :53: GetCmdlineFileContents: Failed to open /proc/987/cmdline (No such file or directory)
05-24 21:13:49.508 25658 25854 E IMGSRV  : :53: GetCmdlineFileContents: Failed to open /proc/987/cmdline (No such file or directory)
05-24 21:13:49.592 25658 25715 W CameraMetadataJV: Expect face scores and rectangles to be non-null
05-24 21:13:49.595 25658 25715 W CAM_A   : PHOTO > abs Δ(result sensor timestamp) = 150.34 ms > 70.00 ms
05-24 21:13:49.597 25658 25715 W CAM_A   : PHOTO > rel Δ(result sensor timestamp) = 2.00 > 0.25
05-24 21:13:49.598 25658 25715 W CAM_A   : PHOTO > result sensor delay = 3.01 > 1.10
05-24 21:13:49.627 25658 25854 E IMGSRV  : :53: GetCmdlineFileContents: Failed to open /proc/987/cmdline (No such file or directory)
05-24 21:13:49.627 25658 25854 E IMGSRV  : :53: GetCmdlineFileContents: Failed to open /proc/987/cmdline (No such file or directory)
05-24 21:13:49.627 25658 25854 E IMGSRV  : :53: GetCmdlineFileContents: Failed to open /proc/987/cmdline (No such file or directory)
05-24 21:13:49.627 25658 25854 E IMGSRV  : :53: GetCmdlineFileContents: Failed to open /proc/987/cmdline (No such file or directory)
05-24 21:13:49.639 25658 25715 W CameraMetadataJV: Expect face scores and rectangles to be non-null
05-24 21:13:49.641 25658 25715 W CAM_A   : PHOTO > rel Δ(result sensor timestamp) = 0.67 > 0.25
05-24 21:13:49.704 25658 25854 E IMGSRV  : :53: GetCmdlineFileContents: Failed to open /proc/987/cmdline (No such file or directory)
05-24 21:13:49.704 25658 25854 E IMGSRV  : :53: GetCmdlineFileContents: Failed to open /proc/987/cmdline (No such file or directory)
05-24 21:13:49.704 25658 25854 E IMGSRV  : :53: GetCmdlineFileContents: Failed to open /proc/987/cmdline (No such file or directory)
05-24 21:13:49.704 25658 25854 E IMGSRV  : :53: GetCmdlineFileContents: Failed to open /proc/987/cmdline (No such file or directory)
05-24 21:13:49.714 25658 25682 V SystemSensorManagerExtImpl: RegisterListener sc7a20 ACCELEROMETER type:1 delay:200000us by hpe
05-24 21:13:49.714 25658 25682 E Parcel  : Reading a NULL string not supported here.
05-24 21:13:49.732 25658 25682 V SystemSensorManagerExtImpl: RegisterListener mmc5603 MAGNETOMETER type:2 delay:200000us by hpe
05-24 21:13:49.781 25658 25715 W CameraMetadataJV: Expect face scores and rectangles to be non-null
05-24 21:13:49.782 25658 25685 W Glide   : Failed to find GeneratedAppGlideModule. You should include an annotationProcessor compile dependency on com.github.bumptech.glide:compiler in your application and a @GlideModule annotated AppGlideModule implementation or LibraryGlideModules will be silently ignored
05-24 21:13:49.785 25658 25715 W CAM_A   : PHOTO > abs Δ(result sensor timestamp) = 150.34 ms > 70.00 ms
05-24 21:13:49.785 25658 25715 W CAM_A   : PHOTO > rel Δ(result sensor timestamp) = 2.00 > 0.25
05-24 21:13:49.786 25658 25715 W CAM_A   : PHOTO > result sensor delay = 3.01 > 1.10
05-24 21:13:49.796 25658 25854 E IMGSRV  : :53: GetCmdlineFileContents: Failed to open /proc/987/cmdline (No such file or directory)
05-24 21:13:49.796 25658 25854 E IMGSRV  : :53: GetCmdlineFileContents: Failed to open /proc/987/cmdline (No such file or directory)
05-24 21:13:49.796 25658 25854 E IMGSRV  : :53: GetCmdlineFileContents: Failed to open /proc/987/cmdline (No such file or directory)
05-24 21:13:49.797 25658 25854 E IMGSRV  : :53: GetCmdlineFileContents: Failed to open /proc/987/cmdline (No such file or directory)
05-24 21:13:49.873 25658 25685 D libMEOW : meow new tls: 0x7e07428140
05-24 21:13:49.873 25658 25685 D libMEOW : applied 1 plugins for [com.google.android.GoogleCameraLMC]:
05-24 21:13:49.873 25658 25685 D libMEOW :   plugin 1: [libMEOW_gift.so]: 0xb400007ed6459940
05-24 21:13:49.873 25658 25685 D libMEOW : rebuild call chain: 0x7e074377c0
05-24 21:13:49.889 25658 25715 W CameraMetadataJV: Expect face scores and rectangles to be non-null
05-24 21:13:49.894 25658 25854 E IMGSRV  : :53: GetCmdlineFileContents: Failed to open /proc/987/cmdline (No such file or directory)
05-24 21:13:49.894 25658 25854 E IMGSRV  : :53: GetCmdlineFileContents: Failed to open /proc/987/cmdline (No such file or directory)
05-24 21:13:49.905 25658 25854 E IMGSRV  : :53: GetCmdlineFileContents: Failed to open /proc/987/cmdline (No such file or directory)
05-24 21:13:49.905 25658 25854 E IMGSRV  : :53: GetCmdlineFileContents: Failed to open /proc/987/cmdline (No such file or directory)
05-24 21:13:49.905 25658 25715 W CAM_A   : PHOTO > abs Δ(result sensor timestamp) = 108.56 ms > 70.00 ms
05-24 21:13:49.906 25658 25715 W CAM_A   : PHOTO > rel Δ(result sensor timestamp) = 0.28 > 0.25
05-24 21:13:49.907 25658 25715 W CAM_A   : PHOTO > result sensor delay = 2.60 > 1.10
05-24 21:13:49.943 25658 25854 E IMGSRV  : :53: GetCmdlineFileContents: Failed to open /proc/987/cmdline (No such file or directory)
05-24 21:13:49.943 25658 25854 E IMGSRV  : :53: GetCmdlineFileContents: Failed to open /proc/987/cmdline (No such file or directory)
05-24 21:13:49.948 25658 25854 E IMGSRV  : :53: GetCmdlineFileContents: Failed to open /proc/987/cmdline (No such file or directory)
05-24 21:13:49.949 25658 25854 E IMGSRV  : :53: GetCmdlineFileContents: Failed to open /proc/987/cmdline (No such file or directory)
05-24 21:13:49.961 25658 25715 W CameraMetadataJV: Expect face scores and rectangles to be non-null
05-24 21:13:49.966 25658 25715 W CAM_A   : PHOTO > abs Δ(result sensor timestamp) = 83.59 ms > 70.00 ms
05-24 21:13:49.968 25658 25715 W CAM_A   : PHOTO > result sensor delay = 2.01 > 1.10
05-24 21:13:50.027 25658 25854 E IMGSRV  : :53: GetCmdlineFileContents: Failed to open /proc/987/cmdline (No such file or directory)
05-24 21:13:50.027 25658 25854 E IMGSRV  : :53: GetCmdlineFileContents: Failed to open /proc/987/cmdline (No such file or directory)
05-24 21:13:50.031 25658 25685 V ListServiceUtils: checkInListByUid start module:custom-icc uid:10742  time 74807540328us
05-24 21:13:50.031 25658 25854 E IMGSRV  : :53: GetCmdlineFileContents: Failed to open /proc/987/cmdline (No such file or directory)
05-24 21:13:50.031 25658 25685 V ListServiceUtils: checkInListByUid end module:custom-icc uid:10742  time 74807540829us
05-24 21:13:50.032 25658 25685 D ListServiceUtils: checkInListByUid module:custom-icc uid:10742 cost 500us return 0
05-24 21:13:50.032 25658 25854 E IMGSRV  : :53: GetCmdlineFileContents: Failed to open /proc/987/cmdline (No such file or directory)
05-24 21:13:50.033 25658 25854 E IMGSRV  : :53: GetCmdlineFileContents: Failed to open /proc/987/cmdline (No such file or directory)
05-24 21:13:50.033 25658 25854 E IMGSRV  : :53: GetCmdlineFileContents: Failed to open /proc/987/cmdline (No such file or directory)
05-24 21:13:50.033 25658 25685 V ListServiceUtils: checkInListByUid module:image-processing uid:10742 cost 1526us return (null)
05-24 21:13:50.033 25658 25685 E ListServiceUtils: checkInListByUid module:image-processing uid:10742 cost 1526us return (null)
05-24 21:13:50.033 25658 25685 V JpegEncoderExtImpl: Resolution: 324 x 243,support: 0;
05-24 21:13:50.035 25658 25854 E IMGSRV  : :53: GetCmdlineFileContents: Failed to open /proc/987/cmdline (No such file or directory)
05-24 21:13:50.035 25658 25854 E IMGSRV  : :53: GetCmdlineFileContents: Failed to open /proc/987/cmdline (No such file or directory)
05-24 21:13:50.093 25658 25685 V ListServiceUtils: checkInListByUid start module:custom-icc uid:10742  time 74807602425us
05-24 21:13:50.095 25658 25685 V ListServiceUtils: checkInListByUid end module:custom-icc uid:10742  time 74807604268us
05-24 21:13:50.095 25658 25685 D ListServiceUtils: checkInListByUid module:custom-icc uid:10742 cost 1842us return 0
05-24 21:13:50.095 25658 25685 E ListServiceUtils: checkInListByUid module:custom-icc uid:10742 cost 1842us return 0
05-24 21:13:50.096 25658 25685 V ListServiceUtils: checkInListByUid module:image-processing uid:10742 cost 267us return (null)
05-24 21:13:50.096 25658 25685 V JpegEncoderExtImpl: Resolution: 324 x 243,support: 0;
05-24 21:13:50.098 25658 25854 E IMGSRV  : :53: GetCmdlineFileContents: Failed to open /proc/987/cmdline (No such file or directory)
05-24 21:13:50.098 25658 25854 E IMGSRV  : :53: GetCmdlineFileContents: Failed to open /proc/987/cmdline (No such file or directory)
05-24 21:13:50.101 25658 25854 E IMGSRV  : :53: GetCmdlineFileContents: Failed to open /proc/987/cmdline (No such file or directory)
05-24 21:13:50.101 25658 25854 E IMGSRV  : :53: GetCmdlineFileContents: Failed to open /proc/987/cmdline (No such file or directory)
05-24 21:13:50.103 25658 25854 E IMGSRV  : :53: GetCmdlineFileContents: Failed to open /proc/987/cmdline (No such file or directory)
05-24 21:13:50.103 25658 25854 E IMGSRV  : :53: GetCmdlineFileContents: Failed to open /proc/987/cmdline (No such file or directory)
05-24 21:13:50.108 25658 25854 E IMGSRV  : :53: GetCmdlineFileContents: Failed to open /proc/987/cmdline (No such file or directory)
05-24 21:13:50.108 25658 25854 E IMGSRV  : :53: GetCmdlineFileContents: Failed to open /proc/987/cmdline (No such file or directory)
05-24 21:13:50.119 25658 25715 W CameraMetadataJV: Expect face scores and rectangles to be non-null
05-24 21:13:50.134 25658 25715 W CAM_A   : PHOTO > abs Δ(result sensor timestamp) = 125.38 ms > 70.00 ms
05-24 21:13:50.136 25658 25715 W CAM_A   : PHOTO > rel Δ(result sensor timestamp) = 0.50 > 0.25
05-24 21:13:50.137 25658 25715 W CAM_A   : PHOTO > result sensor delay = 3.01 > 1.10
05-24 21:13:50.175 25658 25715 W CameraMetadataJV: Expect face scores and rectangles to be non-null
05-24 21:13:50.177 25658 25715 W CAM_A   : PHOTO > rel Δ(result sensor timestamp) = 0.67 > 0.25
05-24 21:13:50.185 25658 25854 E IMGSRV  : :53: GetCmdlineFileContents: Failed to open /proc/987/cmdline (No such file or directory)
05-24 21:13:50.185 25658 25854 E IMGSRV  : :53: GetCmdlineFileContents: Failed to open /proc/987/cmdline (No such file or directory)
05-24 21:13:50.188 25658 25854 E IMGSRV  : :53: GetCmdlineFileContents: Failed to open /proc/987/cmdline (No such file or directory)
05-24 21:13:50.188 25658 25854 E IMGSRV  : :53: GetCmdlineFileContents: Failed to open /proc/987/cmdline (No such file or directory)
05-24 21:13:50.189 25658 25854 E IMGSRV  : :53: GetCmdlineFileContents: Failed to open /proc/987/cmdline (No such file or directory)
05-24 21:13:50.189 25658 25854 E IMGSRV  : :53: GetCmdlineFileContents: Failed to open /proc/987/cmdline (No such file or directory)
05-24 21:13:50.191 25658 25854 E IMGSRV  : :53: GetCmdlineFileContents: Failed to open /proc/987/cmdline (No such file or directory)
05-24 21:13:50.191 25658 25854 E IMGSRV  : :53: GetCmdlineFileContents: Failed to open /proc/987/cmdline (No such file or directory)
05-24 21:13:50.193 25658 25854 E IMGSRV  : :53: GetCmdlineFileContents: Failed to open /proc/987/cmdline (No such file or directory)
05-24 21:13:50.193 25658 25854 E IMGSRV  : :53: GetCmdlineFileContents: Failed to open /proc/987/cmdline (No such file or directory)
05-24 21:13:50.194 25658 25854 E IMGSRV  : :53: GetCmdlineFileContents: Failed to open /proc/987/cmdline (No such file or directory)
05-24 21:13:50.194 25658 25854 E IMGSRV  : :53: GetCmdlineFileContents: Failed to open /proc/987/cmdline (No such file or directory)
05-24 21:13:50.200 25658 25854 E IMGSRV  : :53: GetCmdlineFileContents: Failed to open /proc/987/cmdline (No such file or directory)
05-24 21:13:50.200 25658 25854 E IMGSRV  : :53: GetCmdlineFileContents: Failed to open /proc/987/cmdline (No such file or directory)
05-24 21:13:50.202 25658 25854 E IMGSRV  : :53: GetCmdlineFileContents: Failed to open /proc/987/cmdline (No such file or directory)
05-24 21:13:50.202 25658 25854 E IMGSRV  : :53: GetCmdlineFileContents: Failed to open /proc/987/cmdline (No such file or directory)
05-24 21:13:50.204 25658 25854 E IMGSRV  : :53: GetCmdlineFileContents: Failed to open /proc/987/cmdline (No such file or directory)
